Component: ARM Compiler 5.06 update 7 (build 960) Tool: armlink [4d3601]

==============================================================================

Section Cross References

    startup_stm32f103xe.o(STACK) refers (Special) to heapauxi.o(.text) for __use_two_region_memory
    startup_stm32f103xe.o(HEAP) refers (Special) to heapauxi.o(.text) for __use_two_region_memory
    startup_stm32f103xe.o(RESET) refers (Special) to heapauxi.o(.text) for __use_two_region_memory
    startup_stm32f103xe.o(RESET) refers to startup_stm32f103xe.o(STACK) for __initial_sp
    startup_stm32f103xe.o(RESET) refers to startup_stm32f103xe.o(.text) for Reset_Handler
    startup_stm32f103xe.o(RESET) refers to stm32f1xx_it.o(i.NMI_Handler) for NMI_Handler
    startup_stm32f103xe.o(RESET) refers to stm32f1xx_it.o(i.HardFault_Handler) for HardFault_Handler
    startup_stm32f103xe.o(RESET) refers to stm32f1xx_it.o(i.MemManage_Handler) for MemManage_Handler
    startup_stm32f103xe.o(RESET) refers to stm32f1xx_it.o(i.BusFault_Handler) for BusFault_Handler
    startup_stm32f103xe.o(RESET) refers to stm32f1xx_it.o(i.UsageFault_Handler) for UsageFault_Handler
    startup_stm32f103xe.o(RESET) refers to port.o(.emb_text) for SVC_Handler
    startup_stm32f103xe.o(RESET) refers to stm32f1xx_it.o(i.DebugMon_Handler) for DebugMon_Handler
    startup_stm32f103xe.o(RESET) refers to delay.o(i.SysTick_Handler) for SysTick_Handler
    startup_stm32f103xe.o(RESET) refers to usart.o(i.USART1_IRQHandler) for USART1_IRQHandler
    startup_stm32f103xe.o(RESET) refers to btim.o(i.TIM6_IRQHandler) for TIM6_IRQHandler
    startup_stm32f103xe.o(.text) refers (Special) to heapauxi.o(.text) for __use_two_region_memory
    startup_stm32f103xe.o(.text) refers to system_stm32f1xx.o(i.SystemInit) for SystemInit
    startup_stm32f103xe.o(.text) refers to __main.o(!!!main) for __main
    startup_stm32f103xe.o(.text) refers to startup_stm32f103xe.o(HEAP) for Heap_Mem
    startup_stm32f103xe.o(.text) refers to startup_stm32f103xe.o(STACK) for Stack_Mem
    main.o(i.main) refers to stm32f1xx_hal.o(i.HAL_Init) for HAL_Init
    main.o(i.main) refers to sys.o(i.sys_stm32_clock_init) for sys_stm32_clock_init
    main.o(i.main) refers to delay.o(i.delay_init) for delay_init
    main.o(i.main) refers to usart.o(i.usart_init) for usart_init
    main.o(i.main) refers to led.o(i.led_init) for led_init
    main.o(i.main) refers to lcd.o(i.lcd_init) for lcd_init
    main.o(i.main) refers to key.o(i.key_init) for key_init
    main.o(i.main) refers to malloc.o(i.my_mem_init) for my_mem_init
    main.o(i.main) refers to lcd.o(i.lcd_show_string) for lcd_show_string
    main.o(i.main) refers to freertos_demo.o(i.freertos_demo) for freertos_demo
    system_stm32f1xx.o(i.SystemCoreClockUpdate) refers to system_stm32f1xx.o(.data) for SystemCoreClock
    system_stm32f1xx.o(i.SystemCoreClockUpdate) refers to system_stm32f1xx.o(.constdata) for AHBPrescTable
    freertos_demo.o(i.freertos_demo) refers to tasks.o(i.xTaskCreate) for xTaskCreate
    freertos_demo.o(i.freertos_demo) refers to tasks.o(i.vTaskStartScheduler) for vTaskStartScheduler
    freertos_demo.o(i.freertos_demo) refers to freertos_demo.o(.data) for StartTask_Handler
    freertos_demo.o(i.freertos_demo) refers to freertos_demo.o(i.start_task) for start_task
    freertos_demo.o(i.start_task) refers to port.o(i.vPortEnterCritical) for vPortEnterCritical
    freertos_demo.o(i.start_task) refers to tasks.o(i.xTaskCreate) for xTaskCreate
    freertos_demo.o(i.start_task) refers to tasks.o(i.vTaskDelete) for vTaskDelete
    freertos_demo.o(i.start_task) refers to port.o(i.vPortExitCritical) for vPortExitCritical
    freertos_demo.o(i.start_task) refers to freertos_demo.o(.data) for Task1Task_Handler
    freertos_demo.o(i.start_task) refers to freertos_demo.o(i.task1) for task1
    freertos_demo.o(i.start_task) refers to freertos_demo.o(i.task2) for task2
    freertos_demo.o(i.task1) refers to stm32f1xx_hal_gpio.o(i.HAL_GPIO_TogglePin) for HAL_GPIO_TogglePin
    freertos_demo.o(i.task1) refers to tasks.o(i.vTaskDelay) for vTaskDelay
    freertos_demo.o(i.task2) refers to stm32f1xx_hal_gpio.o(i.HAL_GPIO_TogglePin) for HAL_GPIO_TogglePin
    freertos_demo.o(i.task2) refers to tasks.o(i.vTaskDelay) for vTaskDelay
    delay.o(i.HAL_Delay) refers to delay.o(i.delay_ms) for delay_ms
    delay.o(i.SysTick_Handler) refers to stm32f1xx_hal.o(i.HAL_IncTick) for HAL_IncTick
    delay.o(i.SysTick_Handler) refers to tasks.o(i.xTaskGetSchedulerState) for xTaskGetSchedulerState
    delay.o(i.SysTick_Handler) refers to port.o(i.xPortSysTickHandler) for xPortSysTickHandler
    delay.o(i.delay_init) refers to stm32f1xx_hal_cortex.o(i.HAL_SYSTICK_CLKSourceConfig) for HAL_SYSTICK_CLKSourceConfig
    delay.o(i.delay_init) refers to delay.o(.data) for g_fac_us
    delay.o(i.delay_ms) refers to delay.o(i.delay_us) for delay_us
    delay.o(i.delay_us) refers to delay.o(.data) for g_fac_us
[...]
    i.prvCopyDataFromQueue                   0x08005a30   Section        0  queue.o(i.prvCopyDataFromQueue)
    prvCopyDataFromQueue                     0x08005a31   Thumb Code    42  queue.o(i.prvCopyDataFromQueue)
    i.prvCopyDataToQueue                     0x08005a5a   Section        0  queue.o(i.prvCopyDataToQueue)
    prvCopyDataToQueue                       0x08005a5b   Thumb Code   126  queue.o(i.prvCopyDataToQueue)
    i.prvDeleteTCB                           0x08005ad8   Section        0  tasks.o(i.prvDeleteTCB)
    prvDeleteTCB                             0x08005ad9   Thumb Code    18  tasks.o(i.prvDeleteTCB)
    i.prvGetNextExpireTime                   0x08005aec   Section        0  timers.o(i.prvGetNextExpireTime)
    prvGetNextExpireTime                     0x08005aed   Thumb Code    36  timers.o(i.prvGetNextExpireTime)
    i.prvHeapInit                            0x08005b14   Section        0  heap_4.o(i.prvHeapInit)
    prvHeapInit                              0x08005b15   Thumb Code    98  heap_4.o(i.prvHeapInit)
    i.prvIdleTask                            0x08005b90   Section        0  tasks.o(i.prvIdleTask)
    prvIdleTask                              0x08005b91   Thumb Code    32  tasks.o(i.prvIdleTask)
    i.prvInitialiseNewQueue                  0x08005bb8   Section        0  queue.o(i.prvInitialiseNewQueue)
    prvInitialiseNewQueue                    0x08005bb9   Thumb Code    46  queue.o(i.prvInitialiseNewQueue)
    i.prvInitialiseNewTask                   0x08005be8   Section        0  tasks.o(i.prvInitialiseNewTask)
    prvInitialiseNewTask                     0x08005be9   Thumb Code   208  tasks.o(i.prvInitialiseNewTask)
    i.prvInitialiseTaskLists                 0x08005cec   Section        0  tasks.o(i.prvInitialiseTaskLists)
    prvInitialiseTaskLists                   0x08005ced   Thumb Code    70  tasks.o(i.prvInitialiseTaskLists)
    i.prvInsertBlockIntoFreeList             0x08005d54   Section        0  heap_4.o(i.prvInsertBlockIntoFreeList)
    prvInsertBlockIntoFreeList               0x08005d55   Thumb Code    96  heap_4.o(i.prvInsertBlockIntoFreeList)
    i.prvInsertTimerInActiveList             0x08005dbc   Section        0  timers.o(i.prvInsertTimerInActiveList)
    prvInsertTimerInActiveList               0x08005dbd   Thumb Code    80  timers.o(i.prvInsertTimerInActiveList)
    i.prvIsQueueEmpty                        0x08005e14   Section        0  queue.o(i.prvIsQueueEmpty)
    prvIsQueueEmpty                          0x08005e15   Thumb Code    26  queue.o(i.prvIsQueueEmpty)
    i.prvNotifyQueueSetContainer             0x08005e30   Section        0  queue.o(i.prvNotifyQueueSetContainer)
    prvNotifyQueueSetContainer               0x08005e31   Thumb Code   142  queue.o(i.prvNotifyQueueSetContainer)
    i.prvProcessExpiredTimer                 0x08005ef4   Section        0  timers.o(i.prvProcessExpiredTimer)
    prvProcessExpiredTimer                   0x08005ef5   Thumb Code    62  timers.o(i.prvProcessExpiredTimer)
    i.prvProcessReceivedCommands             0x08005f38   Section        0  timers.o(i.prvProcessReceivedCommands)
    prvProcessReceivedCommands               0x08005f39   Thumb Code   306  timers.o(i.prvProcessReceivedCommands)
    i.prvProcessTimerOrBlockTask             0x080060a4   Section        0  timers.o(i.prvProcessTimerOrBlockTask)
    prvProcessTimerOrBlockTask               0x080060a5   Thumb Code   102  timers.o(i.prvProcessTimerOrBlockTask)
    i.prvReloadTimer                         0x08006118   Section        0  timers.o(i.prvReloadTimer)
    prvReloadTimer                           0x08006119   Thumb Code    40  timers.o(i.prvReloadTimer)
    i.prvResetNextTaskUnblockTime            0x08006140   Section        0  tasks.o(i.prvResetNextTaskUnblockTime)
    prvResetNextTaskUnblockTime              0x08006141   Thumb Code    40  tasks.o(i.prvResetNextTaskUnblockTime)
    i.prvSampleTimeNow                       0x08006170   Section        0  timers.o(i.prvSampleTimeNow)
    prvSampleTimeNow                         0x08006171   Thumb Code    40  timers.o(i.prvSampleTimeNow)
    i.prvSwitchTimerLists                    0x0800619c   Section        0  timers.o(i.prvSwitchTimerLists)
    prvSwitchTimerLists                      0x0800619d   Thumb Code    58  timers.o(i.prvSwitchTimerLists)
    i.prvTaskExitError                       0x080061e0   Section        0  port.o(i.prvTaskExitError)
    prvTaskExitError                         0x080061e1   Thumb Code    48  port.o(i.prvTaskExitError)
    i.prvTimerTask                           0x0800625c   Section        0  timers.o(i.prvTimerTask)
    prvTimerTask                             0x0800625d   Thumb Code    26  timers.o(i.prvTimerTask)
    i.prvUnlockQueue                         0x08006276   Section        0  queue.o(i.prvUnlockQueue)
    prvUnlockQueue                           0x08006277   Thumb Code   144  queue.o(i.prvUnlockQueue)
    i.pvPortMalloc                           0x08006308   Section        0  heap_4.o(i.pvPortMalloc)
    i.pxPortInitialiseStack                  0x0800649c   Section        0  port.o(i.pxPortInitialiseStack)
    i.start_task                             0x080064c0   Section        0  freertos_demo.o(i.start_task)
    i.sys_stm32_clock_init                   0x08006524   Section        0  sys.o(i.sys_stm32_clock_init)
    i.task1                                  0x0800658c   Section        0  freertos_demo.o(i.task1)
    i.task2                                  0x080065ac   Section        0  freertos_demo.o(i.task2)
    i.usart_init                             0x080065c8   Section        0  usart.o(i.usart_init)
    i.uxListRemove                           0x08006600   Section        0  list.o(i.uxListRemove)
    i.vListInitialise                        0x08006628   Section        0  list.o(i.vListInitialise)
    i.vListInitialiseItem                    0x08006642   Section        0  list.o(i.vListInitialiseItem)
    i.vListInsert                            0x08006648   Section        0  list.o(i.vListInsert)
    i.vListInsertEnd                         0x0800667c   Section        0  list.o(i.vListInsertEnd)
    i.vPortEnterCritical                     0x08006694   Section        0  port.o(i.vPortEnterCritical)
    i.vPortExitCritical                      0x08006728   Section        0  port.o(i.vPortExitCritical)
    i.vPortFree                              0x080067a4   Section        0  heap_4.o(i.vPortFree)
    i.vPortSetupTimerInterrupt               0x0800687c   Section        0  port.o(i.vPortSetupTimerInterrupt)
    i.vQueueAddToRegistry                    0x080068a8   Section        0  queue.o(i.vQueueAddToRegistry)
    i.vQueueWaitForMessageRestricted         0x08006934   Section        0  queue.o(i.vQueueWaitForMessageRestricted)
    i.vTaskDelay                             0x08006980   Section        0  tasks.o(i.vTaskDelay)
    i.vTaskDelete                            0x08006a04   Section        0  tasks.o(i.vTaskDelete)
    i.vTaskInternalSetTimeOutState           0x08006b28   Section        0  tasks.o(i.vTaskInternalSetTimeOutState)
    i.vTaskMissedYield                       0x08006b40   Section        0  tasks.o(i.vTaskMissedYield)
    i.vTaskPlaceOnEventList                  0x08006b4c   Section        0  tasks.o(i.vTaskPlaceOnEventList)
    i.vTaskPlaceOnEventListRestricted        0x08006bb0   Section        0  tasks.o(i.vTaskPlaceOnEventListRestricted)
    i.vTaskStartScheduler                    0x08006c3c   Section        0  tasks.o(i.vTaskStartScheduler)
    i.vTaskSuspendAll                        0x08006d00   Section        0  tasks.o(i.vTaskSuspendAll)
    i.vTaskSwitchContext                     0x08006d10   Section        0  tasks.o(i.vTaskSwitchContext)
    i.xPortStartScheduler                    0x08006dc8   Section        0  port.o(i.xPortStartScheduler)
    i.xPortSysTickHandler                    0x08006f14   Section        0  port.o(i.xPortSysTickHandler)
    i.xQueueGenericCreate                    0x08006f48   Section        0  queue.o(i.xQueueGenericCreate)
    i.xQueueGenericReset                     0x08006fd8   Section        0  queue.o(i.xQueueGenericReset)
    i.xQueueReceive                          0x080070d4   Section        0  queue.o(i.xQueueReceive)
    i.xTaskCheckForTimeOut                   0x08007254   Section        0  tasks.o(i.xTaskCheckForTimeOut)
    i.xTaskCreate                            0x08007320   Section        0  tasks.o(i.xTaskCreate)
    i.xTaskGetSchedulerState                 0x08007380   Section        0  tasks.o(i.xTaskGetSchedulerState)
    i.xTaskGetTickCount                      0x080073a0   Section        0  tasks.o(i.xTaskGetTickCount)
    i.xTaskIncrementTick                     0x080073ac   Section        0  tasks.o(i.xTaskIncrementTick)
    i.xTaskPriorityDisinherit                0x08007594   Section        0  tasks.o(i.xTaskPriorityDisinherit)
    i.xTaskRemoveFromEventList               0x080076a4   Section        0  tasks.o(i.xTaskRemoveFromEventList)
    i.xTaskResumeAll                         0x080077f0   Section        0  tasks.o(i.xTaskResumeAll)
    i.xTimerCreateTimerTask                  0x08007990   Section        0  timers.o(i.xTimerCreateTimerTask)
    x$fpl$dfixu                              0x08007a10   Section       90  dfixu.o(x$fpl$dfixu)
    x$fpl$dfltu                              0x08007a6a   Section       38  dflt_clz.o(x$fpl$dfltu)
    x$fpl$dmul                               0x08007a90   Section      340  dmul.o(x$fpl$dmul)
    x$fpl$dnaninf                            0x08007be4   Section      156  dnaninf.o(x$fpl$dnaninf)
    x$fpl$dretinf                            0x08007c80   Section       12  dretinf.o(x$fpl$dretinf)
    .constdata                               0x08007c8c   Section       24  system_stm32f1xx.o(.constdata)
    x$fpl$usenofp                            0x08007c8c   Section        0  usenofp.o(x$fpl$usenofp)
    .constdata                               0x08007ca4   Section    12160  lcd.o(.constdata)
    .constdata                               0x0800ac24   Section       24  malloc.o(.constdata)
    .constdata                               0x0800ac3c   Section       40  _printf_hex_int.o(.constdata)
    uc_hextab                                0x0800ac3c   Data          20  _printf_hex_int.o(.constdata)
    lc_hextab                                0x0800ac50   Data          20  _printf_hex_int.o(.constdata)
    .data                                    0x20000000   Section        4  system_stm32f1xx.o(.data)
    .data                                    0x20000004   Section       34  freertos_demo.o(.data)
    .data                                    0x20000028   Section        4  delay.o(.data)
    g_fac_us                                 0x20000028   Data           4  delay.o(.data)
    .data                                    0x2000002c   Section        7  usart.o(.data)
    .data                                    0x20000034   Section        9  stm32f1xx_hal.o(.data)
    .data                                    0x20000040   Section        8  lcd.o(.data)
    .data                                    0x20000048   Section       28  malloc.o(.data)
    .data                                    0x20000064   Section       64  tasks.o(.data)
    pxDelayedTaskList                        0x20000068   Data           4  tasks.o(.data)
    pxOverflowDelayedTaskList                0x2000006c   Data           4  tasks.o(.data)
    uxDeletedTasksWaitingCleanUp             0x20000070   Data           4  tasks.o(.data)
    uxCurrentNumberOfTasks                   0x20000074   Data           4  tasks.o(.data)
    xTickCount                               0x20000078   Data           4  tasks.o(.data)
    uxTopReadyPriority                       0x2000007c   Data           4  tasks.o(.data)
    xSchedulerRunning                        0x20000080   Data           4  tasks.o(.data)
    xPendedTicks                             0x20000084   Data           4  tasks.o(.data)
    xYieldPending                            0x20000088   Data           4  tasks.o(.data)
    xNumOfOverflows                          0x2000008c   Data           4  tasks.o(.data)
    uxTaskNumber                             0x20000090   Data           4  tasks.o(.data)
    xNextTaskUnblockTime                     0x20000094   Data           4  tasks.o(.data)
    xIdleTaskHandle                          0x20000098   Data           4  tasks.o(.data)
    uxSchedulerSuspended                     0x200000a0   Data           4  tasks.o(.data)
    .data                                    0x200000a4   Section       20  timers.o(.data)
    pxCurrentTimerList                       0x200000a4   Data           4  timers.o(.data)
    pxOverflowTimerList                      0x200000a8   Data           4  timers.o(.data)
    xTimerQueue                              0x200000ac   Data           4  timers.o(.data)
    xTimerTaskHandle                         0x200000b0   Data           4  timers.o(.data)
    xLastTime                                0x200000b4   Data           4  timers.o(.data)
    .data                                    0x200000b8   Section       12  port.o(.data)
    uxCriticalNesting                        0x200000b8   Data           4  port.o(.data)
    ucMaxSysCallPriority                     0x200000bc   Data           1  port.o(.data)
    ulMaxPRIGROUPValue                       0x200000c0   Data           4  port.o(.data)
    .data                                    0x200000c4   Section       32  heap_4.o(.data)
    xStart                                   0x200000c4   Data           8  heap_4.o(.data)
    pxEnd                                    0x200000cc   Data           4  heap_4.o(.data)
    xFreeBytesRemaining                      0x200000d0   Data           4  heap_4.o(.data)
    xMinimumEverFreeBytesRemaining           0x200000d4   Data           4  heap_4.o(.data)
    xNumberOfSuccessfulAllocations           0x200000d8   Data           4  heap_4.o(.data)
    xNumberOfSuccessfulFrees                 0x200000dc   Data           4  heap_4.o(.data)
    xBlockAllocatedBit                       0x200000e0   Data           4  heap_4.o(.data)
    .bss                                     0x200000e4   Section      264  usart.o(.bss)
    .bss                                     0x200001ec   Section       86  lcd.o(.bss)
    .bss                                     0x20000244   Section       72  btim.o(.bss)
    .bss                                     0x200002c0   Section    43520  malloc.o(.bss)
    mem1base                                 0x200002c0   Data       40960  malloc.o(.bss)
    mem1mapbase                              0x2000a2c0   Data        2560  malloc.o(.bss)
    .bss                                     0x2000acc0   Section       64  queue.o(.bss)
    .bss                                     0x2000ad00   Section      740  tasks.o(.bss)
    pxReadyTasksLists                        0x2000ad00   Data         640  tasks.o(.bss)
    xDelayedTaskList1                        0x2000af80   Data          20  tasks.o(.bss)
    xDelayedTaskList2                        0x2000af94   Data          20  tasks.o(.bss)
    xPendingReadyList                        0x2000afa8   Data          20  tasks.o(.bss)
    xTasksWaitingTermination                 0x2000afbc   Data          20  tasks.o(.bss)
    xSuspendedTaskList                       0x2000afd0   Data          20  tasks.o(.bss)
    .bss                                     0x2000afe4   Section       40  timers.o(.bss)
    xActiveTimerList1                        0x2000afe4   Data          20  timers.o(.bss)
    xActiveTimerList2                        0x2000aff8   Data          20  timers.o(.bss)
    .bss                                     0x2000b00c   Section    10240  heap_4.o(.bss)
    ucHeap                                   0x2000b00c   Data       10240  heap_4.o(.bss)
    .bss                                     0x2000d80c   Section       96  libspace.o(.bss)
    HEAP                                     0x2000d870   Section      512  startup_stm32f103xe.o(HEAP)
    Heap_Mem                                 0x2000d870   Data         512  startup_stm32f103xe.o(HEAP)
    STACK                                    0x2000da70   Section     1024  startup_stm32f103xe.o(STACK)
    Stack_Mem                                0x2000da70   Data        1024  startup_stm32f103xe.o(STACK)
    __initial_sp                             0x2000de70   Data           0  startup_stm32f103xe.o(STACK)
    .ARM.__AT_0x68000000                     0x68000000   Section       32  malloc.o(.ARM.__AT_0x68000000)
    mem2base                                 0x68000000   Data          32  malloc.o(.ARM.__AT_0x68000000)
    .ARM.__AT_0x68000020                     0x68000020   Section        2  malloc.o(.ARM.__AT_0x68000020)
    mem2mapbase                              0x68000020   Data           2  malloc.o(.ARM.__AT_0x68000020)

    Global Symbols

    Symbol Name                              Value     Ov Type        Size  Object(Section)

    BuildAttributes$$THM_ISAv4$P$D$K$B$S$PE$A:L22UL41UL21$X:L11$S22US41US21$IEEE1$IW$USESV6$~STKCKD$USESV7$~SHL$OSPACE$ROPI$EBA8$UX$STANDARDLIB$REQ8$PRES8$EABIv2 0x00000000   Number         0  anon$$obj.o ABSOLUTE
    __ARM_use_no_argv                        0x00000000   Number         0  main.o ABSOLUTE
    __ARM_exceptions_init                     - Undefined Weak Reference
    __alloca_initialize                       - Undefined Weak Reference
    __arm_fini_                               - Undefined Weak Reference
    __arm_preinit_                            - Undefined Weak Reference
    __cpp_initialize__aeabi_                  - Undefined Weak Reference
    __cxa_finalize                            - Undefined Weak Reference
    __rt_locale                               - Undefined Weak Reference
    __sigvec_lookup                           - Undefined Weak Reference
    _atexit_init                              - Undefined Weak Reference
    _call_atexit_fns                          - Undefined Weak Reference
    _clock_init                               - Undefined Weak Reference
    _fp_trap_init                             - Undefined Weak Reference
    _fp_trap_shutdown                         - Undefined Weak Reference
    _get_lc_collate                           - Undefined Weak Reference
    _get_lc_ctype                             - Undefined Weak Reference
    _get_lc_monetary                          - Undefined Weak Reference
    _get_lc_numeric                           - Undefined Weak Reference
    _get_lc_time                              - Undefined Weak Reference
    _getenv_init                              - Undefined Weak Reference
    _handle_redirection                       - Undefined Weak Reference
    _init_alloc                               - Undefined Weak Reference
    _init_user_alloc                          - Undefined Weak Reference
    _initio                                   - Undefined Weak Reference
    _mutex_acquire                            - Undefined Weak Reference
    _mutex_release                            - Undefined Weak Reference
    _printf_mbtowc                            - Undefined Weak Reference
    _printf_post_padding                      - Undefined Weak Reference
    _printf_pre_padding                       - Undefined Weak Reference
    _printf_truncate_signed                   - Undefined Weak Reference
    _printf_truncate_unsigned                 - Undefined Weak Reference
    _rand_init                                - Undefined Weak Reference
    _signal_finish                            - Undefined Weak Reference
    _signal_init                              - Undefined Weak Reference
    _terminate_alloc                          - Undefined Weak Reference
    _terminate_user_alloc                     - Undefined Weak Reference
    _terminateio                              - Undefined Weak Reference
    __Vectors_Size                           0x00000130   Number         0  startup_stm32f103xe.o ABSOLUTE
    __Vectors                                0x08000000   Data           4  startup_stm32f103xe.o(RESET)
    __Vectors_End                            0x08000130   Data           0  startup_stm32f103xe.o(RESET)
    __main                                   0x08000131   Thumb Code     8  __main.o(!!!main)
    __scatterload                            0x08000139   Thumb Code     0  __scatter.o(!!!scatter)
    __scatterload_rt2                        0x08000139   Thumb Code    44  __scatter.o(!!!scatter)
    __scatterload_rt2_thumb_only             0x08000139   Thumb Code     0  __scatter.o(!!!scatter)
    __scatterload_null                       0x08000147   Thumb Code     0  __scatter.o(!!!scatter)
    __scatterload_copy                       0x0800016d   Thumb Code    26  __scatter_copy.o(!!handler_copy)
    __scatterload_zeroinit                   0x08000189   Thumb Code    28  __scatter_zi.o(!!handler_zi)
    _printf_d                                0x080001a5   Thumb Code     0  _printf_d.o(.ARM.Collect$$_printf_percent$$00000009)
    _printf_percent                          0x080001a5   Thumb Code     0  _printf_percent.o(.ARM.Collect$$_printf_percent$$00000000)
    _printf_x                                0x080001ab   Thumb Code     0  _printf_x.o(.ARM.Collect$$_printf_percent$$0000000C)
    _printf_s                                0x080001b1   Thumb Code     0  _printf_s.o(.ARM.Collect$$_printf_percent$$00000014)
    _printf_percent_end                      0x080001b7   Thumb Code     0  _printf_percent_end.o(.ARM.Collect$$_printf_percent$$00000017)
    __rt_lib_init                            0x080001bb   Thumb Code     0  libinit.o(.ARM.Collect$$libinit$$00000000)
    __rt_lib_init_alloca_1                   0x080001bd   Thumb Code     0  libinit2.o(.ARM.Collect$$libinit$$0000002E)
    __rt_lib_init_argv_1                     0x080001bd   Thumb Code     0  libinit2.o(.ARM.Collect$$libinit$$0000002C)
    __rt_lib_init_atexit_1                   0x080001bd   Thumb Code     0  libinit2.o(.ARM.Collect$$libinit$$0000001B)
    __rt_lib_init_clock_1                    0x080001bd   Thumb Code     0  libinit2.o(.ARM.Collect$$libinit$$00000021)
    __rt_lib_init_cpp_1                      0x080001bd   Thumb Code     0  libinit2.o(.ARM.Collect$$libinit$$00000032)
    __rt_lib_init_exceptions_1               0x080001bd   Thumb Code     0  libinit2.o(.ARM.Collect$$libinit$$00000030)
    __rt_lib_init_fp_1                       0x080001bd   Thumb Code     0  libinit2.o(.ARM.Collect$$libinit$$00000002)
    __rt_lib_init_fp_trap_1                  0x080001bd   Thumb Code     0  libinit2.o(.ARM.Collect$$libinit$$0000001F)
    __rt_lib_init_getenv_1                   0x080001bd   Thumb Code     0  libinit2.o(.ARM.Collect$$libinit$$00000023)
    __rt_lib_init_heap_1                     0x080001bd   Thumb Code     0  libinit2.o(.ARM.Collect$$libinit$$0000000A)
    __rt_lib_init_lc_collate_1               0x080001bd   Thumb Code     0  libinit2.o(.ARM.Collect$$libinit$$00000011)
    __rt_lib_init_lc_ctype_1                 0x080001bd   Thumb Code     0  libinit2.o(.ARM.Collect$$libinit$$00000013)
    __rt_lib_init_lc_monetary_1              0x080001bd   Thumb Code     0  libinit2.o(.ARM.Collect$$libinit$$00000015)
    __rt_lib_init_lc_numeric_1               0x080001bd   Thumb Code     0  libinit2.o(.ARM.Collect$$libinit$$00000017)
    __rt_lib_init_lc_time_1                  0x080001bd   Thumb Code     0  libinit2.o(.ARM.Collect$$libinit$$00000019)
    __rt_lib_init_preinit_1                  0x080001bd   Thumb Code     0  libinit2.o(.ARM.Collect$$libinit$$00000004)
    __rt_lib_init_rand_1                     0x080001bd   Thumb Code     0  libinit2.o(.ARM.Collect$$libinit$$0000000E)
    __rt_lib_init_return                     0x080001bd   Thumb Code     0  libinit2.o(.ARM.Collect$$libinit$$00000033)
    __rt_lib_init_signal_1                   0x080001bd   Thumb Code     0  libinit2.o(.ARM.Collect$$libinit$$0000001D)
    __rt_lib_init_stdio_1                    0x080001bd   Thumb Code     0  libinit2.o(.ARM.Collect$$libinit$$00000025)
    __rt_lib_init_user_alloc_1               0x080001bd   Thumb Code     0  libinit2.o(.ARM.Collect$$libinit$$0000000C)
    __rt_lib_shutdown                        0x080001bf   Thumb Code     0  libshutdown.o(.ARM.Collect$$libshutdown$$00000000)
    __rt_lib_shutdown_cpp_1                  0x080001c1   Thumb Code     0  libshutdown2.o(.ARM.Collect$$libshutdown$$00000004)
    __rt_lib_shutdown_fini_1                 0x080001c1   Thumb Code     0  libshutdown2.o(.ARM.Collect$$libshutdown$$00000002)
    __rt_lib_shutdown_fp_trap_1              0x080001c1   Thumb Code     0  libshutdown2.o(.ARM.Collect$$libshutdown$$00000009)
    __rt_lib_shutdown_heap_1                 0x080001c1   Thumb Code     0  libshutdown2.o(.ARM.Collect$$libshutdown$$00000011)
    __rt_lib_shutdown_return                 0x080001c1   Thumb Code     0  libshutdown2.o(.ARM.Collect$$libshutdown$$00000012)
    __rt_lib_shutdown_signal_1               0x080001c1   Thumb Code     0  libshutdown2.o(.ARM.Collect$$libshutdown$$0000000C)
    __rt_lib_shutdown_stdio_1                0x080001c1   Thumb Code     0  libshutdown2.o(.ARM.Collect$$libshutdown$$00000006)
    __rt_lib_shutdown_user_alloc_1           0x080001c1   Thumb Code     0  libshutdown2.o(.ARM.Collect$$libshutdown$$0000000E)
    __rt_entry                               0x080001c3   Thumb Code     0  __rtentry.o(.ARM.Collect$$rtentry$$00000000)
    __rt_entry_presh_1                       0x080001c3   Thumb Code     0  __rtentry2.o(.ARM.Collect$$rtentry$$00000002)
    __rt_entry_sh                            0x080001c3   Thumb Code     0  __rtentry4.o(.ARM.Collect$$rtentry$$00000004)
    __rt_entry_li                            0x080001c9   Thumb Code     0  __rtentry2.o(.ARM.Collect$$rtentry$$0000000A)
    __rt_entry_postsh_1                      0x080001c9   Thumb Code     0  __rtentry2.o(.ARM.Collect$$rtentry$$00000009)
    __rt_entry_main                          0x080001cd   Thumb Code     0  __rtentry2.o(.ARM.Collect$$rtentry$$0000000D)
    __rt_entry_postli_1                      0x080001cd   Thumb Code     0  __rtentry2.o(.ARM.Collect$$rtentry$$0000000C)
    __rt_exit                                0x080001d5   Thumb Code     0  rtexit.o(.ARM.Collect$$rtexit$$00000000)
    __rt_exit_ls                             0x080001d7   Thumb Code     0  rtexit2.o(.ARM.Collect$$rtexit$$00000003)
    __rt_exit_prels_1                        0x080001d7   Thumb Code     0  rtexit2.o(.ARM.Collect$$rtexit$$00000002)
    __rt_exit_exit                           0x080001db   Thumb Code     0  rtexit2.o(.ARM.Collect$$rtexit$$00000004)
    SVC_Handler                              0x080001e1   Thumb Code    32  port.o(.emb_text)
    __asm___6_port_c_39a90d8d__prvStartFirstTask 0x08000205   Thumb Code    28  port.o(.emb_text)
    PendSV_Handler                           0x08000225   Thumb Code    72  port.o(.emb_text)
    vPortGetIPSR                             0x08000271   Thumb Code     6  port.o(.emb_text)
    Reset_Handler                            0x08000279   Thumb Code     8  startup_stm32f103xe.o(.text)
    ADC1_2_IRQHandler                        0x08000293   Thumb Code     0  startup_stm32f103xe.o(.text)
    ADC3_IRQHandler                          0x08000293   Thumb Code     0  startup_stm32f103xe.o(.text)
    CAN1_RX1_IRQHandler                      0x08000293   Thumb Code     0  startup_stm32f103xe.o(.text)
    CAN1_SCE_IRQHandler                      0x08000293   Thumb Code     0  startup_stm32f103xe.o(.text)
    DMA1_Channel1_IRQHandler                 0x08000293   Thumb Code     0  startup_stm32f103xe.o(.text)
    DMA1_Channel2_IRQHandler                 0x08000293   Thumb Code     0  startup_stm32f103xe.o(.text)
    DMA1_Channel3_IRQHandler                 0x08000293   Thumb Code     0  startup_stm32f103xe.o(.text)
    DMA1_Channel4_IRQHandler                 0x08000293   Thumb Code     0  startup_stm32f103xe.o(.text)
    DMA1_Channel5_IRQHandler                 0x08000293   Thumb Code     0  startup_stm32f103xe.o(.text)
    DMA1_Channel6_IRQHandler                 0x08000293   Thumb Code     0  startup_stm32f103xe.o(.text)
    DMA1_Channel7_IRQHandler                 0x08000293   Thumb Code     0  startup_stm32f103xe.o(.text)
    DMA2_Channel1_IRQHandler                 0x08000293   Thumb Code     0  startup_stm32f103xe.o(.text)
    DMA2_Channel2_IRQHandler                 0x08000293   Thumb Code     0  startup_stm32f103xe.o(.text)
    DMA2_Channel3_IRQHandler                 0x08000293   Thumb Code     0  startup_stm32f103xe.o(.text)
    DMA2_Channel4_5_IRQHandler               0x08000293   Thumb Code     0  startup_stm32f103xe.o(.text)
    EXTI0_IRQHandler                         0x08000293   Thumb Code     0  startup_stm32f103xe.o(.text)
    EXTI15_10_IRQHandler                     0x08000293   Thumb Code     0  startup_stm32f103xe.o(.text)
    EXTI1_IRQHandler                         0x08000293   Thumb Code     0  startup_stm32f103xe.o(.text)
    EXTI2_IRQHandler                         0x08000293   Thumb Code     0  startup_stm32f103xe.o(.text)
    EXTI3_IRQHandler                         0x08000293   Thumb Code     0  startup_stm32f103xe.o(.text)
    EXTI4_IRQHandler                         0x08000293   Thumb Code     0  startup_stm32f103xe.o(.text)
    EXTI9_5_IRQHandler                       0x08000293   Thumb Code     0  startup_stm32f103xe.o(.text)
    FLASH_IRQHandler                         0x08000293   Thumb Code     0  startup_stm32f103xe.o(.text)
    FSMC_IRQHandler                          0x08000293   Thumb Code     0  startup_stm32f103xe.o(.text)
    I2C1_ER_IRQHandler                       0x08000293   Thumb Code     0  startup_stm32f103xe.o(.text)
    I2C1_EV_IRQHandler                       0x08000293   Thumb Code     0  startup_stm32f103xe.o(.text)
    I2C2_ER_IRQHandler                       0x08000293   Thumb Code     0  startup_stm32f103xe.o(.text)
    I2C2_EV_IRQHandler                       0x08000293   Thumb Code     0  startup_stm32f103xe.o(.text)
    PVD_IRQHandler                           0x08000293   Thumb Code     0  startup_stm32f103xe.o(.text)
    RCC_IRQHandler                           0x08000293   Thumb Code     0  startup_stm32f103xe.o(.text)
    RTC_Alarm_IRQHandler                     0x08000293   Thumb Code     0  startup_stm32f103xe.o(.text)
    RTC_IRQHandler                           0x08000293   Thumb Code     0  startup_stm32f103xe.o(.text)
    SDIO_IRQHandler                          0x08000293   Thumb Code     0  startup_stm32f103xe.o(.text)
    SPI1_IRQHandler                          0x08000293   Thumb Code     0  startup_stm32f103xe.o(.text)
    SPI2_IRQHandler                          0x08000293   Thumb Code     0  startup_stm32f103xe.o(.text)
    SPI3_IRQHandler                          0x08000293   Thumb Code     0  startup_stm32f103xe.o(.text)
    TAMPER_IRQHandler                        0x08000293   Thumb Code     0  startup_stm32f103xe.o(.text)
    TIM1_BRK_IRQHandler                      0x08000293   Thumb Code     0  startup_stm32f103xe.o(.text)
    TIM1_CC_IRQHandler                       0x08000293   Thumb Code     0  startup_stm32f103xe.o(.text)
    TIM1_TRG_COM_IRQHandler                  0x08000293   Thumb Code     0  startup_stm32f103xe.o(.text)
    TIM1_UP_IRQHandler                       0x08000293   Thumb Code     0  startup_stm32f103xe.o(.text)
    TIM2_IRQHandler                          0x08000293   Thumb Code     0  startup_stm32f103xe.o(.text)
    TIM3_IRQHandler                          0x08000293   Thumb Code     0  startup_stm32f103xe.o(.text)
    TIM4_IRQHandler                          0x08000293   Thumb Code     0  startup_stm32f103xe.o(.text)
    TIM5_IRQHandler                          0x08000293   Thumb Code     0  startup_stm32f103xe.o(.text)
    TIM7_IRQHandler                          0x08000293   Thumb Code     0  startup_stm32f103xe.o(.text)
    TIM8_BRK_IRQHandler                      0x08000293   Thumb Code     0  startup_stm32f103xe.o(.text)
    TIM8_CC_IRQHandler                       0x08000293   Thumb Code     0  startup_stm32f103xe.o(.text)
    TIM8_TRG_COM_IRQHandler                  0x08000293   Thumb Code     0  startup_stm32f103xe.o(.text)
    TIM8_UP_IRQHandler                       0x08000293   Thumb Code     0  startup_stm32f103xe.o(.text)
    UART4_IRQHandler                         0x08000293   Thumb Code     0  startup_stm32f103xe.o(.text)
    UART5_IRQHandler                         0x08000293   Thumb Code     0  startup_stm32f103xe.o(.text)
    USART2_IRQHandler                        0x08000293   Thumb Code     0  startup_stm32f103xe.o(.text)
    USART3_IRQHandler                        0x08000293   Thumb Code     0  startup_stm32f103xe.o(.text)
    USBWakeUp_IRQHandler                     0x08000293   Thumb Code     0  startup_stm32f103xe.o(.text)
    USB_HP_CAN1_TX_IRQHandler                0x08000293   Thumb Code     0  startup_stm32f103xe.o(.text)
    USB_LP_CAN1_RX0_IRQHandler               0x08000293   Thumb Code     0  startup_stm32f103xe.o(.text)
    WWDG_IRQHandler                          0x08000293   Thumb Code     0  startup_stm32f103xe.o(.text)
    __user_initial_stackheap                 0x08000295   Thumb Code     0  startup_stm32f103xe.o(.text)
    __use_no_semihosting                     0x080002b9   Thumb Code     2  use_no_semi_2.o(.text)
    __2printf                                0x080002bd   Thumb Code    20  noretval__2printf.o(.text)
    __printf                                 0x080002d5   Thumb Code   104  __printf.o(.text)
    _printf_str                              0x0800033d   Thumb Code    82  _printf_str.o(.text)
    _printf_int_dec                          0x08000391   Thumb Code   104  _printf_dec.o(.text)
    _printf_int_hex                          0x08000409   Thumb Code    84  _printf_hex_int.o(.text)
    _printf_longlong_hex                     0x08000409   Thumb Code     0  _printf_hex_int.o(.text)
    __aeabi_memcpy                           0x08000461   Thumb Code     0  rt_memcpy_v6.o(.text)
    __rt_memcpy                              0x08000461   Thumb Code   138  rt_memcpy_v6.o(.text)
    _memcpy_lastbytes                        0x080004c7   Thumb Code     0  rt_memcpy_v6.o(.text)
    __aeabi_memset                           0x080004eb   Thumb Code    16  aeabi_memset.o(.text)
    __aeabi_memclr4                          0x080004fb   Thumb Code     0  rt_memclr_w.o(.text)
    __aeabi_memclr8                          0x080004fb   Thumb Code     0  rt_memclr_w.o(.text)
    __rt_memclr_w                            0x080004fb   Thumb Code    78  rt_memclr_w.o(.text)
    _memset_w                                0x080004ff   Thumb Code     0  rt_memclr_w.o(.text)
    __use_two_region_memory                  0x08000549   Thumb Code     2  heapauxi.o(.text)
    __rt_heap_escrow$2region                 0x0800054b   Thumb Code     2  heapauxi.o(.text)
    __rt_heap_expand$2region                 0x0800054d   Thumb Code     2  heapauxi.o(.text)
    __semihosting$guard                      0x0800054f   Thumb Code     0  use_no_semi.o(.text)
    __use_no_semihosting_swi                 0x0800054f   Thumb Code     2  use_no_semi.o(.text)
    _printf_int_common                       0x08000551   Thumb Code   178  _printf_intcommon.o(.text)
    _printf_char_common                      0x0800060f   Thumb Code    32  _printf_char_common.o(.text)
    _printf_cs_common                        0x08000635   Thumb Code    20  _printf_char.o(.text)
    _printf_char                             0x08000649   Thumb Code    16  _printf_char.o(.text)
    _printf_string                           0x08000659   Thumb Code     8  _printf_char.o(.text)
    _printf_char_file                        0x08000661   Thumb Code    32  _printf_char_file.o(.text)
    __aeabi_memcpy4                          0x08000685   Thumb Code     0  rt_memcpy_w.o(.text)
    __aeabi_memcpy8                          0x08000685   Thumb Code     0  rt_memcpy_w.o(.text)
    __rt_memcpy_w                            0x08000685   Thumb Code   100  rt_memcpy_w.o(.text)
    _memcpy_lastbytes_aligned                0x080006cd   Thumb Code     0  rt_memcpy_w.o(.text)
    __aeabi_memclr                           0x080006e9   Thumb Code     0  rt_memclr.o(.text)
    __rt_memclr                              0x080006e9   Thumb Code    68  rt_memclr.o(.text)
    _memset                                  0x080006ed   Thumb Code     0  rt_memclr.o(.text)
    ferror                                   0x0800072d   Thumb Code     8  ferror.o(.text)
    __user_setup_stackheap                   0x08000735   Thumb Code    74  sys_stackheap_outer.o(.text)
    exit                                     0x0800077f   Thumb Code    18  exit.o(.text)
    __user_libspace                          0x08000791   Thumb Code     8  libspace.o(.text)
    __user_perproc_libspace                  0x08000791   Thumb Code     0  libspace.o(.text)
    __user_perthread_libspace                0x08000791   Thumb Code     0  libspace.o(.text)
    BusFault_Handler                         0x08000799   Thumb Code     4  stm32f1xx_it.o(i.BusFault_Handler)
    DebugMon_Handler                         0x0800079d   Thumb Code     2  stm32f1xx_it.o(i.DebugMon_Handler)
    FSMC_NORSRAM_Extended_Timing_Init        0x080007a1   Thumb Code    62  stm32f1xx_ll_fsmc.o(i.FSMC_NORSRAM_Extended_Timing_Init)
    FSMC_NORSRAM_Init                        0x080007e5   Thumb Code   116  stm32f1xx_ll_fsmc.o(i.FSMC_NORSRAM_Init)
    FSMC_NORSRAM_Timing_Init                 0x0800085d   Thumb Code    66  stm32f1xx_ll_fsmc.o(i.FSMC_NORSRAM_Timing_Init)
    HAL_DMA_Abort_IT                         0x080008a1   Thumb Code   414  stm32f1xx_hal_dma.o(i.HAL_DMA_Abort_IT)
    HAL_GPIO_Init                            0x08000a49   Thumb Code   792  stm32f1xx_hal_gpio.o(i.HAL_GPIO_Init)
    HAL_GPIO_TogglePin                       0x08000d89   Thumb Code    20  stm32f1xx_hal_gpio.o(i.HAL_GPIO_TogglePin)
    HAL_GPIO_WritePin                        0x08000d9d   Thumb Code    12  stm32f1xx_hal_gpio.o(i.HAL_GPIO_WritePin)
    HAL_GetTick                              0x08000da9   Thumb Code     6  stm32f1xx_hal.o(i.HAL_GetTick)
    HAL_IncTick                              0x08000db5   Thumb Code    16  stm32f1xx_hal.o(i.HAL_IncTick)
    HAL_Init                                 0x08000dcd   Thumb Code    34  stm32f1xx_hal.o(i.HAL_Init)
    HAL_InitTick                             0x08000df5   Thumb Code    64  stm32f1xx_hal.o(i.HAL_InitTick)
    HAL_MspInit                              0x08000e41   Thumb Code     2  stm32f1xx_hal.o(i.HAL_MspInit)
    HAL_NVIC_EnableIRQ                       0x08000e43   Thumb Code    32  stm32f1xx_hal_cortex.o(i.HAL_NVIC_EnableIRQ)
    HAL_NVIC_SetPriority                     0x08000e63   Thumb Code   124  stm32f1xx_hal_cortex.o(i.HAL_NVIC_SetPriority)
    HAL_NVIC_SetPriorityGrouping             0x08000ee1   Thumb Code    32  stm32f1xx_hal_cortex.o(i.HAL_NVIC_SetPriorityGrouping)
    HAL_RCC_ClockConfig                      0x08000f09   Thumb Code   376  stm32f1xx_hal_rcc.o(i.HAL_RCC_ClockConfig)
    HAL_RCC_GetHCLKFreq                      0x08001095   Thumb Code     6  stm32f1xx_hal_rcc.o(i.HAL_RCC_GetHCLKFreq)
    HAL_RCC_GetPCLK1Freq                     0x080010a1   Thumb Code    22  stm32f1xx_hal_rcc.o(i.HAL_RCC_GetPCLK1Freq)
    HAL_RCC_GetPCLK2Freq                     0x080010c1   Thumb Code    22  stm32f1xx_hal_rcc.o(i.HAL_RCC_GetPCLK2Freq)
    HAL_RCC_GetSysClockFreq                  0x080010e1   Thumb Code   116  stm32f1xx_hal_rcc.o(i.HAL_RCC_GetSysClockFreq)
    HAL_RCC_OscConfig                        0x08001175   Thumb Code  1114  stm32f1xx_hal_rcc.o(i.HAL_RCC_OscConfig)
    HAL_SRAM_Init                            0x080015d9   Thumb Code   102  stm32f1xx_hal_sram.o(i.HAL_SRAM_Init)
    HAL_SRAM_MspInit                         0x08001641   Thumb Code   130  lcd.o(i.HAL_SRAM_MspInit)
    HAL_SYSTICK_CLKSourceConfig              0x080016d1   Thumb Code    40  stm32f1xx_hal_cortex.o(i.HAL_SYSTICK_CLKSourceConfig)
    HAL_SYSTICK_Config                       0x080016f9   Thumb Code    52  stm32f1xx_hal_cortex.o(i.HAL_SYSTICK_Config)
    HAL_TIMEx_BreakCallback                  0x0800172d   Thumb Code     2  stm32f1xx_hal_tim_ex.o(i.HAL_TIMEx_BreakCallback)
    HAL_TIMEx_CommutCallback                 0x0800172f   Thumb Code     2  stm32f1xx_hal_tim_ex.o(i.HAL_TIMEx_CommutCallback)
    HAL_TIM_IC_CaptureCallback               0x08001731   Thumb Code     2  stm32f1xx_hal_tim.o(i.HAL_TIM_IC_CaptureCallback)
    HAL_TIM_IRQHandler                       0x08001733   Thumb Code   406  stm32f1xx_hal_tim.o(i.HAL_TIM_IRQHandler)
    HAL_TIM_OC_DelayElapsedCallback          0x080018c9   Thumb Code     2  stm32f1xx_hal_tim.o(i.HAL_TIM_OC_DelayElapsedCallback)
    HAL_TIM_PWM_PulseFinishedCallback        0x080018cb   Thumb Code     2  stm32f1xx_hal_tim.o(i.HAL_TIM_PWM_PulseFinishedCallback)
    HAL_TIM_PeriodElapsedCallback            0x080018cd   Thumb Code    24  btim.o(i.HAL_TIM_PeriodElapsedCallback)
    HAL_TIM_TriggerCallback                  0x080018ed   Thumb Code     2  stm32f1xx_hal_tim.o(i.HAL_TIM_TriggerCallback)
    HAL_UART_ErrorCallback                   0x080018ef   Thumb Code     2  stm32f1xx_hal_uart.o(i.HAL_UART_ErrorCallback)
    HAL_UART_IRQHandler                      0x080018f1   Thumb Code   334  stm32f1xx_hal_uart.o(i.HAL_UART_IRQHandler)
    HAL_UART_Init                            0x08001a45   Thumb Code   114  stm32f1xx_hal_uart.o(i.HAL_UART_Init)
    HAL_UART_MspInit                         0x08001ab9   Thumb Code   168  usart.o(i.HAL_UART_MspInit)
    HAL_UART_Receive_IT                      0x08001b6d   Thumb Code   112  stm32f1xx_hal_uart.o(i.HAL_UART_Receive_IT)
    HAL_UART_RxCpltCallback                  0x08001bdd   Thumb Code   134  usart.o(i.HAL_UART_RxCpltCallback)
    HAL_UART_TxCpltCallback                  0x08001c79   Thumb Code     2  stm32f1xx_hal_uart.o(i.HAL_UART_TxCpltCallback)
    HardFault_Handler                        0x08001c7b   Thumb Code     4  stm32f1xx_it.o(i.HardFault_Handler)
    MemManage_Handler                        0x08001c7f   Thumb Code     4  stm32f1xx_it.o(i.MemManage_Handler)
    NMI_Handler                              0x08001c83   Thumb Code     2  stm32f1xx_it.o(i.NMI_Handler)
    SysTick_Handler                          0x08001cad   Thumb Code    20  delay.o(i.SysTick_Handler)
    SystemInit                               0x08001cc1   Thumb Code     2  system_stm32f1xx.o(i.SystemInit)
    TIM6_IRQHandler                          0x08001cc5   Thumb Code    10  btim.o(i.TIM6_IRQHandler)
    USART1_IRQHandler                        0x08001f25   Thumb Code    26  usart.o(i.USART1_IRQHandler)
    UsageFault_Handler                       0x08001f49   Thumb Code     4  stm32f1xx_it.o(i.UsageFault_Handler)
    _sys_exit                                0x08001f85   Thumb Code     4  usart.o(i._sys_exit)
    delay_init                               0x08001f89   Thumb Code    72  delay.o(i.delay_init)
    delay_ms                                 0x08001fd5   Thumb Code    24  delay.o(i.delay_ms)
    delay_us                                 0x08001fed   Thumb Code    68  delay.o(i.delay_us)
    fputc                                    0x08002035   Thumb Code    24  usart.o(i.fputc)
    freertos_demo                            0x08002051   Thumb Code    28  freertos_demo.o(i.freertos_demo)
    key_init                                 0x08002081   Thumb Code   172  key.o(i.key_init)
    lcd_clear                                0x08002139   Thumb Code    42  lcd.o(i.lcd_clear)
    lcd_display_dir                          0x0800216d   Thumb Code   360  lcd.o(i.lcd_display_dir)
    lcd_draw_point                           0x080022d9   Thumb Code    26  lcd.o(i.lcd_draw_point)
    lcd_ex_ili9341_reginit                   0x080022f9   Thumb Code   556  lcd.o(i.lcd_ex_ili9341_reginit)
    lcd_ex_ili9806_reginit                   0x08002525   Thumb Code   832  lcd.o(i.lcd_ex_ili9806_reginit)
    lcd_ex_nt35310_reginit                   0x08002865   Thumb Code  3826  lcd.o(i.lcd_ex_nt35310_reginit)
    lcd_ex_nt35510_reginit                   0x08003757   Thumb Code  3836  lcd.o(i.lcd_ex_nt35510_reginit)
    lcd_ex_ssd1963_reginit                   0x08004653   Thumb Code   366  lcd.o(i.lcd_ex_ssd1963_reginit)
    lcd_ex_st7789_reginit                    0x080047c1   Thumb Code   424  lcd.o(i.lcd_ex_st7789_reginit)
    lcd_ex_st7796_reginit                    0x08004969   Thumb Code   454  lcd.o(i.lcd_ex_st7796_reginit)
    lcd_init                                 0x08004b31   Thumb Code  1120  lcd.o(i.lcd_init)
    lcd_scan_dir                             0x08004fbd   Thumb Code   568  lcd.o(i.lcd_scan_dir)
    lcd_set_cursor                           0x080051f9   Thumb Code   282  lcd.o(i.lcd_set_cursor)
    lcd_show_char                            0x08005319   Thumb Code   294  lcd.o(i.lcd_show_char)
    lcd_show_string                          0x08005459   Thumb Code   106  lcd.o(i.lcd_show_string)
    lcd_ssd_backlight_set                    0x080054c5   Thumb Code    80  lcd.o(i.lcd_ssd_backlight_set)
    lcd_wr_data                              0x08005519   Thumb Code    18  lcd.o(i.lcd_wr_data)
    lcd_wr_regno                             0x08005531   Thumb Code    18  lcd.o(i.lcd_wr_regno)
    lcd_write_ram_prepare                    0x08005549   Thumb Code    10  lcd.o(i.lcd_write_ram_prepare)
    lcd_write_reg                            0x0800555d   Thumb Code    10  lcd.o(i.lcd_write_reg)
    led_init                                 0x0800556d   Thumb Code   132  led.o(i.led_init)
    main                                     0x080055fd   Thumb Code   232  main.o(i.main)
    my_mem_init                              0x08005749   Thumb Code    38  malloc.o(i.my_mem_init)
    my_mem_perused                           0x08005779   Thumb Code    56  malloc.o(i.my_mem_perused)
    my_mem_set                               0x080057b9   Thumb Code    20  malloc.o(i.my_mem_set)
    pvPortMalloc                             0x08006309   Thumb Code   306  heap_4.o(i.pvPortMalloc)
    pxPortInitialiseStack                    0x0800649d   Thumb Code    30  port.o(i.pxPortInitialiseStack)
    start_task                               0x080064c1   Thumb Code    62  freertos_demo.o(i.start_task)
    sys_stm32_clock_init                     0x08006525   Thumb Code   102  sys.o(i.sys_stm32_clock_init)
    task1                                    0x0800658d   Thumb Code    26  freertos_demo.o(i.task1)
    task2                                    0x080065ad   Thumb Code    24  freertos_demo.o(i.task2)
    usart_init                               0x080065c9   Thumb Code    44  usart.o(i.usart_init)
    uxListRemove                             0x08006601   Thumb Code    40  list.o(i.uxListRemove)
    vListInitialise                          0x08006629   Thumb Code    26  list.o(i.vListInitialise)
    vListInitialiseItem                      0x08006643   Thumb Code     6  list.o(i.vListInitialiseItem)
    vListInsert                              0x08006649   Thumb Code    52  list.o(i.vListInsert)
    vListInsertEnd                           0x0800667d   Thumb Code    24  list.o(i.vListInsertEnd)
    vPortEnterCritical                       0x08006695   Thumb Code    68  port.o(i.vPortEnterCritical)
    vPortExitCritical                        0x08006729   Thumb Code    48  port.o(i.vPortExitCritical)
    vPortFree                                0x080067a5   Thumb Code   130  heap_4.o(i.vPortFree)
    vPortSetupTimerInterrupt                 0x0800687d   Thumb Code    38  port.o(i.vPortSetupTimerInterrupt)
    vQueueAddToRegistry                      0x080068a9   Thumb Code    84  queue.o(i.vQueueAddToRegistry)
    vQueueWaitForMessageRestricted           0x08006935   Thumb Code    74  queue.o(i.vQueueWaitForMessageRestricted)
    vTaskDelay                               0x08006981   Thumb Code    72  tasks.o(i.vTaskDelay)
    vTaskDelete                              0x08006a05   Thumb Code   200  tasks.o(i.vTaskDelete)
    vTaskInternalSetTimeOutState             0x08006b29   Thumb Code    14  tasks.o(i.vTaskInternalSetTimeOutState)
    vTaskMissedYield                         0x08006b41   Thumb Code     8  tasks.o(i.vTaskMissedYield)
    vTaskPlaceOnEventList                    0x08006b4d   Thumb Code    42  tasks.o(i.vTaskPlaceOnEventList)
    vTaskPlaceOnEventListRestricted          0x08006bb1   Thumb Code    84  tasks.o(i.vTaskPlaceOnEventListRestricted)
    vTaskStartScheduler                      0x08006c3d   Thumb Code   112  tasks.o(i.vTaskStartScheduler)
    vTaskSuspendAll                          0x08006d01   Thumb Code    12  tasks.o(i.vTaskSuspendAll)
    vTaskSwitchContext                       0x08006d11   Thumb Code   110  tasks.o(i.vTaskSwitchContext)
    xPortStartScheduler                      0x08006dc9   Thumb Code   240  port.o(i.xPortStartScheduler)
    xPortSysTickHandler                      0x08006f15   Thumb Code    46  port.o(i.xPortSysTickHandler)
    xQueueGenericCreate                      0x08006f49   Thumb Code    92  queue.o(i.xQueueGenericCreate)
    xQueueGenericReset                       0x08006fd9   Thumb Code   194  queue.o(i.xQueueGenericReset)
    xQueueReceive                            0x080070d5   Thumb Code   326  queue.o(i.xQueueReceive)
    xTaskCheckForTimeOut                     0x08007255   Thumb Code   140  tasks.o(i.xTaskCheckForTimeOut)
    xTaskCreate                              0x08007321   Thumb Code    96  tasks.o(i.xTaskCreate)
    xTaskGetSchedulerState                   0x08007381   Thumb Code    24  tasks.o(i.xTaskGetSchedulerState)
    xTaskGetTickCount                        0x080073a1   Thumb Code     6  tasks.o(i.xTaskGetTickCount)
    xTaskIncrementTick                       0x080073ad   Thumb Code   390  tasks.o(i.xTaskIncrementTick)
    xTaskPriorityDisinherit                  0x08007595   Thumb Code   206  tasks.o(i.xTaskPriorityDisinherit)
    xTaskRemoveFromEventList                 0x080076a5   Thumb Code   254  tasks.o(i.xTaskRemoveFromEventList)
    xTaskResumeAll                           0x080077f1   Thumb Code   328  tasks.o(i.xTaskResumeAll)
    xTimerCreateTimerTask                    0x08007991   Thumb Code    56  timers.o(i.xTimerCreateTimerTask)
    __aeabi_d2uiz                            0x08007a11   Thumb Code     0  dfixu.o(x$fpl$dfixu)
    _dfixu                                   0x08007a11   Thumb Code    90  dfixu.o(x$fpl$dfixu)
    __aeabi_ui2d                             0x08007a6b   Thumb Code     0  dflt_clz.o(x$fpl$dfltu)
    _dfltu                                   0x08007a6b   Thumb Code    38  dflt_clz.o(x$fpl$dfltu)
    __aeabi_dmul                             0x08007a91   Thumb Code     0  dmul.o(x$fpl$dmul)
    _dmul                                    0x08007a91   Thumb Code   332  dmul.o(x$fpl$dmul)
    __fpl_dnaninf                            0x08007be5   Thumb Code   156  dnaninf.o(x$fpl$dnaninf)
    __fpl_dretinf                            0x08007c81   Thumb Code    12  dretinf.o(x$fpl$dretinf)
    AHBPrescTable                            0x08007c8c   Data          16  system_stm32f1xx.o(.constdata)
    __I$use$fp                               0x08007c8c   Number         0  usenofp.o(x$fpl$usenofp)
    APBPrescTable                            0x08007c9c   Data           8  system_stm32f1xx.o(.constdata)
    asc2_1206                                0x08007ca4   Data        1140  lcd.o(.constdata)
    asc2_1608                                0x08008118   Data        1520  lcd.o(.constdata)
    asc2_2412                                0x08008708   Data        3420  lcd.o(.constdata)
    asc2_3216                                0x08009464   Data        6080  lcd.o(.constdata)
    memtblsize                               0x0800ac24   Data           8  malloc.o(.constdata)
    memblksize                               0x0800ac2c   Data           8  malloc.o(.constdata)
    memsize                                  0x0800ac34   Data           8  malloc.o(.constdata)
    Region$$Table$$Base                      0x0800ac64   Number         0  anon$$obj.o(Region$$Table)
    Region$$Table$$Limit                     0x0800ac84   Number         0  anon$$obj.o(Region$$Table)
    SystemCoreClock                          0x20000000   Data           4  system_stm32f1xx.o(.data)
    StartTask_Handler                        0x20000004   Data           4  freertos_demo.o(.data)
    Task1Task_Handler                        0x20000008   Data           4  freertos_demo.o(.data)
    Task2Task_Handler                        0x2000000c   Data           4  freertos_demo.o(.data)
    lcd_discolor                             0x20000010   Data          22  freertos_demo.o(.data)
    __stdout                                 0x2000002c   Data           4  usart.o(.data)
    g_usart_rx_sta                           0x20000030   Data           2  usart.o(.data)
    g_rx_buffer                              0x20000032   Data           1  usart.o(.data)
    uwTick                                   0x20000034   Data           4  stm32f1xx_hal.o(.data)
    uwTickPrio                               0x20000038   Data           4  stm32f1xx_hal.o(.data)
    uwTickFreq                               0x2000003c   Data           1  stm32f1xx_hal.o(.data)
    g_point_color                            0x20000040   Data           4  lcd.o(.data)
    g_back_color                             0x20000044   Data           4  lcd.o(.data)
    mallco_dev                               0x20000048   Data          28  malloc.o(.data)
    pxCurrentTCB                             0x20000064   Data           4  tasks.o(.data)
    uxTopUsedPriority                        0x2000009c   Data           4  tasks.o(.data)
    g_usart_rx_buf                           0x200000e4   Data         200  usart.o(.bss)
    g_uart1_handle                           0x200001ac   Data          64  usart.o(.bss)
    g_sram_handle                            0x200001ec   Data          72  lcd.o(.bss)
    lcddev                                   0x20000234   Data          14  lcd.o(.bss)
    g_timx_handle                            0x20000244   Data          72  btim.o(.bss)
    xQueueRegistry                           0x2000acc0   Data          64  queue.o(.bss)
    __libspace_start                         0x2000d80c   Data          96  libspace.o(.bss)
    __temporary_stack_top$libspace           0x2000d86c   Data           0  libspace.o(.bss)



==============================================================================

Memory Map of the image

  Image Entry point : 0x08000131

  Load Region LR_IROM1 (Base: 0x08000000, Size: 0x0000ad68, Max: 0x00080000, ABSOLUTE)

    Execution Region ER_IROM1 (Exec base: 0x08000000, Load base: 0x08000000, Size: 0x0000ac84, Max: 0x00080000, ABSOLUTE)

    Exec Addr    Load Addr    Size         Type   Attr      Idx    E Section Name        Object

    0x08000000   0x08000000   0x00000130   Data   RO            3    RESET               startup_stm32f103xe.o
    0x08000130   0x08000130   0x00000008   Code   RO         5320  * !!!main             c_w.l(__main.o)
    0x08000138   0x08000138   0x00000034   Code   RO         5510    !!!scatter          c_w.l(__scatter.o)
    0x0800016c   0x0800016c   0x0000001a   Code   RO         5512    !!handler_copy      c_w.l(__scatter_copy.o)
    0x08000186   0x08000186   0x00000002   PAD
    0x08000188   0x08000188   0x0000001c   Code   RO         5514    !!handler_zi        c_w.l(__scatter_zi.o)
    0x080001a4   0x080001a4   0x00000000   Code   RO         5305    .ARM.Collect$$_printf_percent$$00000000  c_w.l(_printf_percent.o)
    0x080001a4   0x080001a4   0x00000006   Code   RO         5303    .ARM.Collect$$_printf_percent$$00000009  c_w.l(_printf_d.o)
    0x080001aa   0x080001aa   0x00000006   Code   RO         5302    .ARM.Collect$$_printf_percent$$0000000C  c_w.l(_printf_x.o)
    0x080001b0   0x080001b0   0x00000006   Code   RO         5301    .ARM.Collect$$_printf_percent$$00000014  c_w.l(_printf_s.o)
    0x080001b6   0x080001b6   0x00000004   Code   RO         5347    .ARM.Collect$$_printf_percent$$00000017  c_w.l(_printf_percent_end.o)
    0x080001ba   0x080001ba   0x00000002   Code   RO         5387    .ARM.Collect$$libinit$$00000000  c_w.l(libinit.o)
    0x080001bc   0x080001bc   0x00000000   Code   RO         5394    .ARM.Collect$$libinit$$00000002  c_w.l(libinit2.o)
    0x080001bc   0x080001bc   0x00000000   Code   RO         5396    .ARM.Collect$$libinit$$00000004  c_w.l(libinit2.o)
    0x080001bc   0x080001bc   0x00000000   Code   RO         5399    .ARM.Collect$$libinit$$0000000A  c_w.l(libinit2.o)
    0x080001bc   0x080001bc   0x00000000   Code   RO         5401    .ARM.Collect$$libinit$$0000000C  c_w.l(libinit2.o)
    0x080001bc   0x080001bc   0x00000000   Code   RO         5403    .ARM.Collect$$libinit$$0000000E  c_w.l(libinit2.o)
    0x080001bc   0x080001bc   0x00000000   Code   RO         5406    .ARM.Collect$$libinit$$00000011  c_w.l(libinit2.o)
    0x080001bc   0x080001bc   0x00000000   Code   RO         5408    .ARM.Collect$$libinit$$00000013  c_w.l(libinit2.o)
    0x080001bc   0x080001bc   0x00000000   Code   RO         5410    .ARM.Collect$$libinit$$00000015  c_w.l(libinit2.o)
    0x080001bc   0x080001bc   0x00000000   Code   RO         5412    .ARM.Collect$$libinit$$00000017  c_w.l(libinit2.o)
    0x080001bc   0x080001bc   0x00000000   Code   RO         5414    .ARM.Collect$$libinit$$00000019  c_w.l(libinit2.o)
    0x080001bc   0x080001bc   0x00000000   Code   RO         5416    .ARM.Collect$$libinit$$0000001B  c_w.l(libinit2.o)
    0x080001bc   0x080001bc   0x00000000   Code   RO         5418    .ARM.Collect$$libinit$$0000001D  c_w.l(libinit2.o)
    0x080001bc   0x080001bc   0x00000000   Code   RO         5420    .ARM.Collect$$libinit$$0000001F  c_w.l(libinit2.o)
    0x080001bc   0x080001bc   0x00000000   Code   RO         5422    .ARM.Collect$$libinit$$00000021  c_w.l(libinit2.o)
    0x080001bc   0x080001bc   0x00000000   Code   RO         5424    .ARM.Collect$$libinit$$00000023  c_w.l(libinit2.o)
    0x080001bc   0x080001bc   0x00000000   Code   RO         5426    .ARM.Collect$$libinit$$00000025  c_w.l(libinit2.o)
    0x080001bc   0x080001bc   0x00000000   Code   RO         5430    .ARM.Collect$$libinit$$0000002C  c_w.l(libinit2.o)
    0x080001bc   0x080001bc   0x00000000   Code   RO         5432    .ARM.Collect$$libinit$$0000002E  c_w.l(libinit2.o)
    0x080001bc   0x080001bc   0x00000000   Code   RO         5434    .ARM.Collect$$libinit$$00000030  c_w.l(libinit2.o)
    0x080001bc   0x080001bc   0x00000000   Code   RO         5436    .ARM.Collect$$libinit$$00000032  c_w.l(libinit2.o)
    0x080001bc   0x080001bc   0x00000002   Code   RO         5437    .ARM.Collect$$libinit$$00000033  c_w.l(libinit2.o)
    0x080001be   0x080001be   0x00000002   Code   RO         5455    .ARM.Collect$$libshutdown$$00000000  c_w.l(libshutdown.o)
    0x080001c0   0x080001c0   0x00000000   Code   RO         5463    .ARM.Collect$$libshutdown$$00000002  c_w.l(libshutdown2.o)
    0x080001c0   0x080001c0   0x00000000   Code   RO         5465    .ARM.Collect$$libshutdown$$00000004  c_w.l(libshutdown2.o)
    0x080001c0   0x080001c0   0x00000000   Code   RO         5467    .ARM.Collect$$libshutdown$$00000006  c_w.l(libshutdown2.o)
    0x080001c0   0x080001c0   0x00000000   Code   RO         5470    .ARM.Collect$$libshutdown$$00000009  c_w.l(libshutdown2.o)
    0x080001c0   0x080001c0   0x00000000   Code   RO         5473    .ARM.Collect$$libshutdown$$0000000C  c_w.l(libshutdown2.o)
    0x080001c0   0x080001c0   0x00000000   Code   RO         5475    .ARM.Collect$$libshutdown$$0000000E  c_w.l(libshutdown2.o)
    0x080001c0   0x080001c0   0x00000000   Code   RO         5478    .ARM.Collect$$libshutdown$$00000011  c_w.l(libshutdown2.o)
    0x080001c0   0x080001c0   0x00000002   Code   RO         5479    .ARM.Collect$$libshutdown$$00000012  c_w.l(libshutdown2.o)
    0x080001c2   0x080001c2   0x00000000   Code   RO         5336    .ARM.Collect$$rtentry$$00000000  c_w.l(__rtentry.o)
    0x080001c2   0x080001c2   0x00000000   Code   RO         5358    .ARM.Collect$$rtentry$$00000002  c_w.l(__rtentry2.o)
    0x080001c2   0x080001c2   0x00000006   Code   RO         5370    .ARM.Collect$$rtentry$$00000004  c_w.l(__rtentry4.o)
    0x080001c8   0x080001c8   0x00000000   Code   RO         5360    .ARM.Collect$$rtentry$$00000009  c_w.l(__rtentry2.o)
    0x080001c8   0x080001c8   0x00000004   Code   RO         5361    .ARM.Collect$$rtentry$$0000000A  c_w.l(__rtentry2.o)
    0x080001cc   0x080001cc   0x00000000   Code   RO         5363    .ARM.Collect$$rtentry$$0000000C  c_w.l(__rtentry2.o)
    0x080001cc   0x080001cc   0x00000008   Code   RO         5364    .ARM.Collect$$rtentry$$0000000D  c_w.l(__rtentry2.o)
    0x080001d4   0x080001d4   0x00000002   Code   RO         5391    .ARM.Collect$$rtexit$$00000000  c_w.l(rtexit.o)
    0x080001d6   0x080001d6   0x00000000   Code   RO         5439    .ARM.Collect$$rtexit$$00000002  c_w.l(rtexit2.o)
    0x080001d6   0x080001d6   0x00000004   Code   RO         5440    .ARM.Collect$$rtexit$$00000003  c_w.l(rtexit2.o)
    0x080001da   0x080001da   0x00000006   Code   RO         5441    .ARM.Collect$$rtexit$$00000004  c_w.l(rtexit2.o)
    0x080001e0   0x080001e0   0x00000096   Code   RO         5088    .emb_text           port.o
    0x08000276   0x08000276   0x00000002   PAD
    0x08000278   0x08000278   0x00000040   Code   RO            4    .text               startup_stm32f103xe.o
    0x080002b8   0x080002b8   0x00000002   Code   RO         5243    .text               c_w.l(use_no_semi_2.o)
    0x080002ba   0x080002ba   0x00000002   PAD
    0x080002bc   0x080002bc   0x00000018   Code   RO         5249    .text               c_w.l(noretval__2printf.o)
    0x080002d4   0x080002d4   0x00000068   Code   RO         5253    .text               c_w.l(__printf.o)
    0x0800033c   0x0800033c   0x00000052   Code   RO         5255    .text               c_w.l(_printf_str.o)
    0x0800038e   0x0800038e   0x00000002   PAD
    0x08000390   0x08000390   0x00000078   Code   RO         5257    .text               c_w.l(_printf_dec.o)
    0x08000408   0x08000408   0x00000058   Code   RO         5262    .text               c_w.l(_printf_hex_int.o)
    0x08000460   0x08000460   0x0000008a   Code   RO         5310    .text               c_w.l(rt_memcpy_v6.o)
    0x080004ea   0x080004ea   0x00000010   Code   RO         5314    .text               c_w.l(aeabi_memset.o)
    0x080004fa   0x080004fa   0x0000004e   Code   RO         5316    .text               c_w.l(rt_memclr_w.o)
    0x08000548   0x08000548   0x00000006   Code   RO         5318    .text               c_w.l(heapauxi.o)
    0x0800054e   0x0800054e   0x00000002   Code   RO         5334    .text               c_w.l(use_no_semi.o)
    0x08000550   0x08000550   0x000000b2   Code   RO         5337    .text               c_w.l(_printf_intcommon.o)
    0x08000602   0x08000602   0x00000002   PAD
    0x08000604   0x08000604   0x00000030   Code   RO         5339    .text               c_w.l(_printf_char_common.o)
    0x08000634   0x08000634   0x0000002c   Code   RO         5343    .text               c_w.l(_printf_char.o)
    0x08000660   0x08000660   0x00000024   Code   RO         5345    .text               c_w.l(_printf_char_file.o)
    0x08000684   0x08000684   0x00000064   Code   RO         5348    .text               c_w.l(rt_memcpy_w.o)
    0x080006e8   0x080006e8   0x00000044   Code   RO         5350    .text               c_w.l(rt_memclr.o)
    0x0800072c   0x0800072c   0x00000008   Code   RO         5374    .text               c_w.l(ferror.o)
    0x08000734   0x08000734   0x0000004a   Code   RO         5378    .text               c_w.l(sys_stackheap_outer.o)
    0x0800077e   0x0800077e   0x00000012   Code   RO         5380    .text               c_w.l(exit.o)
    0x08000790   0x08000790   0x00000008   Code   RO         5388    .text               c_w.l(libspace.o)
    0x08000798   0x08000798   0x00000004   Code   RO          283    i.BusFault_Handler  stm32f1xx_it.o
    0x0800079c   0x0800079c   0x00000002   Code   RO          284    i.DebugMon_Handler  stm32f1xx_it.o
    0x0800079e   0x0800079e   0x00000002   PAD
    0x080007a0   0x080007a0   0x00000044   Code   RO         2257    i.FSMC_NORSRAM_Extended_Timing_Init  stm32f1xx_ll_fsmc.o
    0x080007e4   0x080007e4   0x00000078   Code   RO         2258    i.FSMC_NORSRAM_Init  stm32f1xx_ll_fsmc.o
    0x0800085c   0x0800085c   0x00000042   Code   RO         2259    i.FSMC_NORSRAM_Timing_Init  stm32f1xx_ll_fsmc.o
    0x0800089e   0x0800089e   0x00000002   PAD
    0x080008a0   0x080008a0   0x000001a8   Code   RO         1054    i.HAL_DMA_Abort_IT  stm32f1xx_hal_dma.o
    0x08000a48   0x08000a48   0x00000340   Code   RO         1150    i.HAL_GPIO_Init     stm32f1xx_hal_gpio.o
    0x08000d88   0x08000d88   0x00000014   Code   RO         1153    i.HAL_GPIO_TogglePin  stm32f1xx_hal_gpio.o
    0x08000d9c   0x08000d9c   0x0000000c   Code   RO         1154    i.HAL_GPIO_WritePin  stm32f1xx_hal_gpio.o
    0x08000da8   0x08000da8   0x0000000c   Code   RO          767    i.HAL_GetTick       stm32f1xx_hal.o
    0x08000db4   0x08000db4   0x00000018   Code   RO          773    i.HAL_IncTick       stm32f1xx_hal.o
    0x08000dcc   0x08000dcc   0x00000028   Code   RO          774    i.HAL_Init          stm32f1xx_hal.o
    0x08000df4   0x08000df4   0x0000004c   Code   RO          775    i.HAL_InitTick      stm32f1xx_hal.o
    0x08000e40   0x08000e40   0x00000002   Code   RO          777    i.HAL_MspInit       stm32f1xx_hal.o
    0x08000e42   0x08000e42   0x00000020   Code   RO          932    i.HAL_NVIC_EnableIRQ  stm32f1xx_hal_cortex.o
    0x08000e62   0x08000e62   0x0000007c   Code   RO          938    i.HAL_NVIC_SetPriority  stm32f1xx_hal_cortex.o
    0x08000ede   0x08000ede   0x00000002   PAD
    0x08000ee0   0x08000ee0   0x00000028   Code   RO          939    i.HAL_NVIC_SetPriorityGrouping  stm32f1xx_hal_cortex.o
    0x08000f08   0x08000f08   0x0000018c   Code   RO         1375    i.HAL_RCC_ClockConfig  stm32f1xx_hal_rcc.o
    0x08001094   0x08001094   0x0000000c   Code   RO         1380    i.HAL_RCC_GetHCLKFreq  stm32f1xx_hal_rcc.o
    0x080010a0   0x080010a0   0x00000020   Code   RO         1382    i.HAL_RCC_GetPCLK1Freq  stm32f1xx_hal_rcc.o
    0x080010c0   0x080010c0   0x00000020   Code   RO         1383    i.HAL_RCC_GetPCLK2Freq  stm32f1xx_hal_rcc.o
    0x080010e0   0x080010e0   0x00000094   Code   RO         1384    i.HAL_RCC_GetSysClockFreq  stm32f1xx_hal_rcc.o
    0x08001174   0x08001174   0x00000464   Code   RO         1387    i.HAL_RCC_OscConfig  stm32f1xx_hal_rcc.o
    0x080015d8   0x080015d8   0x00000066   Code   RO         2118    i.HAL_SRAM_Init     stm32f1xx_hal_sram.o
    0x0800163e   0x0800163e   0x00000002   PAD
    0x08001640   0x08001640   0x00000090   Code   RO         3383    i.HAL_SRAM_MspInit  lcd.o
    0x080016d0   0x080016d0   0x00000028   Code   RO          941    i.HAL_SYSTICK_CLKSourceConfig  stm32f1xx_hal_cortex.o
    0x080016f8   0x080016f8   0x00000034   Code   RO          943    i.HAL_SYSTICK_Config  stm32f1xx_hal_cortex.o
    0x0800172c   0x0800172c   0x00000002   Code   RO         3092    i.HAL_TIMEx_BreakCallback  stm32f1xx_hal_tim_ex.o
    0x0800172e   0x0800172e   0x00000002   Code   RO         3093    i.HAL_TIMEx_CommutCallback  stm32f1xx_hal_tim_ex.o
    0x08001730   0x08001730   0x00000002   Code   RO         2411    i.HAL_TIM_IC_CaptureCallback  stm32f1xx_hal_tim.o
    0x08001732   0x08001732   0x00000196   Code   RO         2425    i.HAL_TIM_IRQHandler  stm32f1xx_hal_tim.o
    0x080018c8   0x080018c8   0x00000002   Code   RO         2428    i.HAL_TIM_OC_DelayElapsedCallback  stm32f1xx_hal_tim.o
    0x080018ca   0x080018ca   0x00000002   Code   RO         2455    i.HAL_TIM_PWM_PulseFinishedCallback  stm32f1xx_hal_tim.o
    0x080018cc   0x080018cc   0x00000020   Code   RO         3675    i.HAL_TIM_PeriodElapsedCallback  btim.o
    0x080018ec   0x080018ec   0x00000002   Code   RO         2468    i.HAL_TIM_TriggerCallback  stm32f1xx_hal_tim.o
    0x080018ee   0x080018ee   0x00000002   Code   RO         1538    i.HAL_UART_ErrorCallback  stm32f1xx_hal_uart.o
    0x080018f0   0x080018f0   0x00000154   Code   RO         1541    i.HAL_UART_IRQHandler  stm32f1xx_hal_uart.o
    0x08001a44   0x08001a44   0x00000072   Code   RO         1542    i.HAL_UART_Init     stm32f1xx_hal_uart.o
    0x08001ab6   0x08001ab6   0x00000002   PAD
    0x08001ab8   0x08001ab8   0x000000b4   Code   RO          679    i.HAL_UART_MspInit  usart.o
    0x08001b6c   0x08001b6c   0x00000070   Code   RO         1547    i.HAL_UART_Receive_IT  stm32f1xx_hal_uart.o
    0x08001bdc   0x08001bdc   0x0000009c   Code   RO          680    i.HAL_UART_RxCpltCallback  usart.o
    0x08001c78   0x08001c78   0x00000002   Code   RO         1553    i.HAL_UART_TxCpltCallback  stm32f1xx_hal_uart.o
    0x08001c7a   0x08001c7a   0x00000004   Code   RO          285    i.HardFault_Handler  stm32f1xx_it.o
    0x08001c7e   0x08001c7e   0x00000004   Code   RO          286    i.MemManage_Handler  stm32f1xx_it.o
    0x08001c82   0x08001c82   0x00000002   Code   RO          287    i.NMI_Handler       stm32f1xx_it.o
    0x08001c84   0x08001c84   0x00000028   Code   RO         1388    i.RCC_Delay         stm32f1xx_hal_rcc.o
    0x08001cac   0x08001cac   0x00000014   Code   RO          551    i.SysTick_Handler   delay.o
    0x08001cc0   0x08001cc0   0x00000002   Code   RO          247    i.SystemInit        system_stm32f1xx.o
    0x08001cc2   0x08001cc2   0x00000002   PAD
    0x08001cc4   0x08001cc4   0x00000010   Code   RO         3676    i.TIM6_IRQHandler   btim.o
    0x08001cd4   0x08001cd4   0x00000014   Code   RO         1555    i.UART_DMAAbortOnError  stm32f1xx_hal_uart.o
    0x08001ce8   0x08001ce8   0x00000020   Code   RO         1565    i.UART_EndRxTransfer  stm32f1xx_hal_uart.o
    0x08001d08   0x08001d08   0x00000020   Code   RO         1566    i.UART_EndTransmit_IT  stm32f1xx_hal_uart.o
    0x08001d28   0x08001d28   0x000000a0   Code   RO         1568    i.UART_Receive_IT   stm32f1xx_hal_uart.o
    0x08001dc8   0x08001dc8   0x000000fc   Code   RO         1569    i.UART_SetConfig    stm32f1xx_hal_uart.o
    0x08001ec4   0x08001ec4   0x00000060   Code   RO         1570    i.UART_Transmit_IT  stm32f1xx_hal_uart.o
    0x08001f24   0x08001f24   0x00000024   Code   RO          681    i.USART1_IRQHandler  usart.o
    0x08001f48   0x08001f48   0x00000004   Code   RO          288    i.UsageFault_Handler  stm32f1xx_it.o
    0x08001f4c   0x08001f4c   0x00000010   Code   RO          945    i.__NVIC_GetPriorityGrouping  stm32f1xx_hal_cortex.o
    0x08001f5c   0x08001f5c   0x00000028   Code   RO          946    i.__NVIC_SetPriority  stm32f1xx_hal_cortex.o
    0x08001f84   0x08001f84   0x00000004   Code   RO          683    i._sys_exit         usart.o
    0x08001f88   0x08001f88   0x0000004c   Code   RO          552    i.delay_init        delay.o
    0x08001fd4   0x08001fd4   0x00000018   Code   RO          553    i.delay_ms          delay.o
    0x08001fec   0x08001fec   0x00000048   Code   RO          554    i.delay_us          delay.o
    0x08002034   0x08002034   0x0000001c   Code   RO          685    i.fputc             usart.o
    0x08002050   0x08002050   0x00000030   Code   RO          468    i.freertos_demo     freertos_demo.o
    0x08002080   0x08002080   0x000000b8   Code   RO         3644    i.key_init          key.o
    0x08002138   0x08002138   0x00000034   Code   RO         3384    i.lcd_clear         lcd.o
    0x0800216c   0x0800216c   0x0000016c   Code   RO         3386    i.lcd_display_dir   lcd.o
    0x080022d8   0x080022d8   0x00000020   Code   RO         3392    i.lcd_draw_point    lcd.o
    0x080022f8   0x080022f8   0x0000022c   Code   RO         3394    i.lcd_ex_ili9341_reginit  lcd.o
    0x08002524   0x08002524   0x00000340   Code   RO         3395    i.lcd_ex_ili9806_reginit  lcd.o
    0x08002864   0x08002864   0x00000ef2   Code   RO         3396    i.lcd_ex_nt35310_reginit  lcd.o
    0x08003756   0x08003756   0x00000efc   Code   RO         3397    i.lcd_ex_nt35510_reginit  lcd.o
    0x08004652   0x08004652   0x0000016e   Code   RO         3398    i.lcd_ex_ssd1963_reginit  lcd.o
    0x080047c0   0x080047c0   0x000001a8   Code   RO         3399    i.lcd_ex_st7789_reginit  lcd.o
    0x08004968   0x08004968   0x000001c6   Code   RO         3400    i.lcd_ex_st7796_reginit  lcd.o
    0x08004b2e   0x08004b2e   0x00000002   PAD
    0x08004b30   0x08004b30   0x00000468   Code   RO         3403    i.lcd_init          lcd.o
    0x08004f98   0x08004f98   0x0000000c   Code   RO         3404    i.lcd_opt_delay     lcd.o
    0x08004fa4   0x08004fa4   0x00000018   Code   RO         3406    i.lcd_rd_data       lcd.o
    0x08004fbc   0x08004fbc   0x0000023c   Code   RO         3408    i.lcd_scan_dir      lcd.o
    0x080051f8   0x080051f8   0x00000120   Code   RO         3409    i.lcd_set_cursor    lcd.o
    0x08005318   0x08005318   0x00000140   Code   RO         3411    i.lcd_show_char     lcd.o
    0x08005458   0x08005458   0x0000006a   Code   RO         3413    i.lcd_show_string   lcd.o
    0x080054c2   0x080054c2   0x00000002   PAD
    0x080054c4   0x080054c4   0x00000054   Code   RO         3415    i.lcd_ssd_backlight_set  lcd.o
    0x08005518   0x08005518   0x00000018   Code   RO         3416    i.lcd_wr_data       lcd.o
    0x08005530   0x08005530   0x00000018   Code   RO         3417    i.lcd_wr_regno      lcd.o
    0x08005548   0x08005548   0x00000014   Code   RO         3418    i.lcd_write_ram_prepare  lcd.o
    0x0800555c   0x0800555c   0x00000010   Code   RO         3419    i.lcd_write_reg     lcd.o
    0x0800556c   0x0800556c   0x00000090   Code   RO         3359    i.led_init          led.o
    0x080055fc   0x080055fc   0x0000014c   Code   RO           13    i.main              main.o
    0x08005748   0x08005748   0x00000030   Code   RO         3773    i.my_mem_init       malloc.o
    0x08005778   0x08005778   0x00000040   Code   RO         3775    i.my_mem_perused    malloc.o
    0x080057b8   0x080057b8   0x00000014   Code   RO         3776    i.my_mem_set        malloc.o
    0x080057cc   0x080057cc   0x000000cc   Code   RO         4486    i.prvAddCurrentTaskToDelayedList  tasks.o
    0x08005898   0x08005898   0x000000ec   Code   RO         4487    i.prvAddNewTaskToReadyList  tasks.o
    0x08005984   0x08005984   0x00000064   Code   RO         4911    i.prvCheckForValidListAndQueue  timers.o
    0x080059e8   0x080059e8   0x00000048   Code   RO         4488    i.prvCheckTasksWaitingTermination  tasks.o
    0x08005a30   0x08005a30   0x0000002a   Code   RO         4046    i.prvCopyDataFromQueue  queue.o
    0x08005a5a   0x08005a5a   0x0000007e   Code   RO         4047    i.prvCopyDataToQueue  queue.o
    0x08005ad8   0x08005ad8   0x00000012   Code   RO         4489    i.prvDeleteTCB      tasks.o
    0x08005aea   0x08005aea   0x00000002   PAD
    0x08005aec   0x08005aec   0x00000028   Code   RO         4912    i.prvGetNextExpireTime  timers.o
    0x08005b14   0x08005b14   0x0000007c   Code   RO         5177    i.prvHeapInit       heap_4.o
    0x08005b90   0x08005b90   0x00000028   Code   RO         4490    i.prvIdleTask       tasks.o
    0x08005bb8   0x08005bb8   0x0000002e   Code   RO         4050    i.prvInitialiseNewQueue  queue.o
    0x08005be6   0x08005be6   0x00000002   PAD
    0x08005be8   0x08005be8   0x00000104   Code   RO         4491    i.prvInitialiseNewTask  tasks.o
    0x08005cec   0x08005cec   0x00000068   Code   RO         4492    i.prvInitialiseTaskLists  tasks.o
    0x08005d54   0x08005d54   0x00000068   Code   RO         5178    i.prvInsertBlockIntoFreeList  heap_4.o
    0x08005dbc   0x08005dbc   0x00000058   Code   RO         4914    i.prvInsertTimerInActiveList  timers.o
    0x08005e14   0x08005e14   0x0000001a   Code   RO         4051    i.prvIsQueueEmpty   queue.o
    0x08005e2e   0x08005e2e   0x00000002   PAD
    0x08005e30   0x08005e30   0x000000c4   Code   RO         4053    i.prvNotifyQueueSetContainer  queue.o
    0x08005ef4   0x08005ef4   0x00000044   Code   RO         4915    i.prvProcessExpiredTimer  timers.o
    0x08005f38   0x08005f38   0x0000016c   Code   RO         4916    i.prvProcessReceivedCommands  timers.o
    0x080060a4   0x080060a4   0x00000074   Code   RO         4917    i.prvProcessTimerOrBlockTask  timers.o
    0x08006118   0x08006118   0x00000028   Code   RO         4918    i.prvReloadTimer    timers.o
    0x08006140   0x08006140   0x00000030   Code   RO         4494    i.prvResetNextTaskUnblockTime  tasks.o
    0x08006170   0x08006170   0x0000002c   Code   RO         4919    i.prvSampleTimeNow  timers.o
    0x0800619c   0x0800619c   0x00000044   Code   RO         4920    i.prvSwitchTimerLists  timers.o
    0x080061e0   0x080061e0   0x0000007c   Code   RO         5089    i.prvTaskExitError  port.o
    0x0800625c   0x0800625c   0x0000001a   Code   RO         4921    i.prvTimerTask      timers.o
    0x08006276   0x08006276   0x00000090   Code   RO         4054    i.prvUnlockQueue    queue.o
    0x08006306   0x08006306   0x00000002   PAD
    0x08006308   0x08006308   0x00000194   Code   RO         5179    i.pvPortMalloc      heap_4.o
    0x0800649c   0x0800649c   0x00000024   Code   RO         5090    i.pxPortInitialiseStack  port.o
    0x080064c0   0x080064c0   0x00000064   Code   RO          469    i.start_task        freertos_demo.o
    0x08006524   0x08006524   0x00000066   Code   RO          612    i.sys_stm32_clock_init  sys.o
    0x0800658a   0x0800658a   0x00000002   PAD
    0x0800658c   0x0800658c   0x00000020   Code   RO          470    i.task1             freertos_demo.o
    0x080065ac   0x080065ac   0x0000001c   Code   RO          471    i.task2             freertos_demo.o
    0x080065c8   0x080065c8   0x00000038   Code   RO          686    i.usart_init        usart.o
    0x08006600   0x08006600   0x00000028   Code   RO         3994    i.uxListRemove      list.o
    0x08006628   0x08006628   0x0000001a   Code   RO         3995    i.vListInitialise   list.o
    0x08006642   0x08006642   0x00000006   Code   RO         3996    i.vListInitialiseItem  list.o
    0x08006648   0x08006648   0x00000034   Code   RO         3997    i.vListInsert       list.o
    0x0800667c   0x0800667c   0x00000018   Code   RO         3998    i.vListInsertEnd    list.o
    0x08006694   0x08006694   0x00000094   Code   RO         5092    i.vPortEnterCritical  port.o
    0x08006728   0x08006728   0x0000007c   Code   RO         5093    i.vPortExitCritical  port.o
    0x080067a4   0x080067a4   0x000000d8   Code   RO         5180    i.vPortFree         heap_4.o
    0x0800687c   0x0800687c   0x0000002c   Code   RO         5094    i.vPortSetupTimerInterrupt  port.o
    0x080068a8   0x080068a8   0x0000008c   Code   RO         4060    i.vQueueAddToRegistry  queue.o
    0x08006934   0x08006934   0x0000004a   Code   RO         4064    i.vQueueWaitForMessageRestricted  queue.o
    0x0800697e   0x0800697e   0x00000002   PAD
    0x08006980   0x08006980   0x00000084   Code   RO         4509    i.vTaskDelay        tasks.o
    0x08006a04   0x08006a04   0x00000124   Code   RO         4510    i.vTaskDelete       tasks.o
    0x08006b28   0x08006b28   0x00000018   Code   RO         4514    i.vTaskInternalSetTimeOutState  tasks.o
    0x08006b40   0x08006b40   0x0000000c   Code   RO         4516    i.vTaskMissedYield  tasks.o
    0x08006b4c   0x08006b4c   0x00000064   Code   RO         4517    i.vTaskPlaceOnEventList  tasks.o
    0x08006bb0   0x08006bb0   0x0000008c   Code   RO         4518    i.vTaskPlaceOnEventListRestricted  tasks.o
    0x08006c3c   0x08006c3c   0x000000c4   Code   RO         4526    i.vTaskStartScheduler  tasks.o
    0x08006d00   0x08006d00   0x00000010   Code   RO         4528    i.vTaskSuspendAll   tasks.o
    0x08006d10   0x08006d10   0x000000b8   Code   RO         4529    i.vTaskSwitchContext  tasks.o
    0x08006dc8   0x08006dc8   0x0000014c   Code   RO         5096    i.xPortStartScheduler  port.o
    0x08006f14   0x08006f14   0x00000034   Code   RO         5097    i.xPortSysTickHandler  port.o
    0x08006f48   0x08006f48   0x00000090   Code   RO         4069    i.xQueueGenericCreate  queue.o
    0x08006fd8   0x08006fd8   0x000000fc   Code   RO         4070    i.xQueueGenericReset  queue.o
    0x080070d4   0x080070d4   0x00000180   Code   RO         4079    i.xQueueReceive     queue.o
    0x08007254   0x08007254   0x000000cc   Code   RO         4532    i.xTaskCheckForTimeOut  tasks.o
    0x08007320   0x08007320   0x00000060   Code   RO         4533    i.xTaskCreate       tasks.o
    0x08007380   0x08007380   0x00000020   Code   RO         4542    i.xTaskGetSchedulerState  tasks.o
    0x080073a0   0x080073a0   0x0000000c   Code   RO         4543    i.xTaskGetTickCount  tasks.o
    0x080073ac   0x080073ac   0x000001e8   Code   RO         4545    i.xTaskIncrementTick  tasks.o
    0x08007594   0x08007594   0x00000110   Code   RO         4546    i.xTaskPriorityDisinherit  tasks.o
    0x080076a4   0x080076a4   0x0000014c   Code   RO         4548    i.xTaskRemoveFromEventList  tasks.o
    0x080077f0   0x080077f0   0x000001a0   Code   RO         4549    i.xTaskResumeAll    tasks.o
    0x08007990   0x08007990   0x00000080   Code   RO         4929    i.xTimerCreateTimerTask  timers.o
    0x08007a10   0x08007a10   0x0000005a   Code   RO         5322    x$fpl$dfixu         fz_ws.l(dfixu.o)
    0x08007a6a   0x08007a6a   0x00000026   Code   RO         5326    x$fpl$dfltu         fz_ws.l(dflt_clz.o)
    0x08007a90   0x08007a90   0x00000154   Code   RO         5332    x$fpl$dmul          fz_ws.l(dmul.o)
    0x08007be4   0x08007be4   0x0000009c   Code   RO         5352    x$fpl$dnaninf       fz_ws.l(dnaninf.o)
    0x08007c80   0x08007c80   0x0000000c   Code   RO         5354    x$fpl$dretinf       fz_ws.l(dretinf.o)
    0x08007c8c   0x08007c8c   0x00000000   Code   RO         5356    x$fpl$usenofp       fz_ws.l(usenofp.o)
    0x08007c8c   0x08007c8c   0x00000018   Data   RO          248    .constdata          system_stm32f1xx.o
    0x08007ca4   0x08007ca4   0x00002f80   Data   RO         3421    .constdata          lcd.o
    0x0800ac24   0x0800ac24   0x00000018   Data   RO         3783    .constdata          malloc.o
    0x0800ac3c   0x0800ac3c   0x00000028   Data   RO         5263    .constdata          c_w.l(_printf_hex_int.o)
    0x0800ac64   0x0800ac64   0x00000020   Data   RO         5508    Region$$Table       anon$$obj.o


    Execution Region RW_IRAM1 (Exec base: 0x20000000, Load base: 0x0800ac84, Size: 0x0000de70, Max: 0x00010000, ABSOLUTE)

    Exec Addr    Load Addr    Size         Type   Attr      Idx    E Section Name        Object

    0x20000000   0x0800ac84   0x00000004   Data   RW          249    .data               system_stm32f1xx.o
    0x20000004   0x0800ac88   0x00000022   Data   RW          472    .data               freertos_demo.o
    0x20000026   0x0800acaa   0x00000002   PAD
    0x20000028   0x0800acac   0x00000004   Data   RW          555    .data               delay.o
    0x2000002c   0x0800acb0   0x00000007   Data   RW          688    .data               usart.o
    0x20000033   0x0800acb7   0x00000001   PAD
    0x20000034   0x0800acb8   0x00000009   Data   RW          781    .data               stm32f1xx_hal.o
    0x2000003d   0x0800acc1   0x00000003   PAD
    0x20000040   0x0800acc4   0x00000008   Data   RW         3422    .data               lcd.o
    0x20000048   0x0800accc   0x0000001c   Data   RW         3784    .data               malloc.o
    0x20000064   0x0800ace8   0x00000040   Data   RW         4552    .data               tasks.o
    0x200000a4   0x0800ad28   0x00000014   Data   RW         4938    .data               timers.o
    0x200000b8   0x0800ad3c   0x0000000c   Data   RW         5098    .data               port.o
    0x200000c4   0x0800ad48   0x00000020   Data   RW         5186    .data               heap_4.o
    0x200000e4        -       0x00000108   Zero   RW          687    .bss                usart.o
    0x200001ec        -       0x00000056   Zero   RW         3420    .bss                lcd.o
    0x20000242   0x0800ad68   0x00000002   PAD
    0x20000244        -       0x00000048   Zero   RW         3678    .bss                btim.o
    0x2000028c   0x0800ad68   0x00000034   PAD
    0x200002c0        -       0x0000aa00   Zero   RW         3782    .bss                malloc.o
    0x2000acc0        -       0x00000040   Zero   RW         4086    .bss                queue.o
    0x2000ad00        -       0x000002e4   Zero   RW         4551    .bss                tasks.o
    0x2000afe4        -       0x00000028   Zero   RW         4937    .bss                timers.o
    0x2000b00c        -       0x00002800   Zero   RW         5185    .bss                heap_4.o
    0x2000d80c        -       0x00000060   Zero   RW         5389    .bss                c_w.l(libspace.o)
    0x2000d86c   0x0800ad68   0x00000004   PAD
    0x2000d870        -       0x00000200   Zero   RW            2    HEAP                startup_stm32f103xe.o
    0x2000da70        -       0x00000400   Zero   RW            1    STACK               startup_stm32f103xe.o



  Load Region LR$$.ARM.__AT_0x68000000 (Base: 0x68000000, Size: 0x00000000, Max: 0x00000020, ABSOLUTE)

    Execution Region ER$$.ARM.__AT_0x68000000 (Exec base: 0x68000000, Load base: 0x68000000, Size: 0x00000020, Max: 0x00000020, ABSOLUTE, UNINIT)

    Exec Addr    Load Addr    Size         Type   Attr      Idx    E Section Name        Object

    0x68000000        -       0x00000020   Zero   RW         3780    .ARM.__AT_0x68000000  malloc.o



  Load Region LR$$.ARM.__AT_0x68000020 (Base: 0x68000020, Size: 0x00000000, Max: 0x00000004, ABSOLUTE)

    Execution Region ER$$.ARM.__AT_0x68000020 (Exec base: 0x68000020, Load base: 0x68000020, Size: 0x00000004, Max: 0x00000004, ABSOLUTE, UNINIT)

    Exec Addr    Load Addr    Size         Type   Attr      Idx    E Section Name        Object

    0x68000020        -       0x00000002   Zero   RW         3781    .ARM.__AT_0x68000020  malloc.o


==============================================================================

Image component sizes


      Code (inc. data)   RO Data    RW Data    ZI Data      Debug   Object Name

        48         14          0          0         72       1550   btim.o
       192          8          0          4          0       2393   delay.o
         0          0          0          0          0      13152   event_groups.o
       208         68          0         34          0      17194   freertos_demo.o
       848        218          0         32      10240       4035   heap_4.o
       184         12          0          0          0        975   key.o
     13504        172      12160          8         86      24995   lcd.o
       144         12          0          0          0        883   led.o
       148          0          0          0          0       3206   list.o
       332        100          0          0          0     495799   main.o
       132         18         24         28      43554       3271   malloc.o
      1010        354          0         12          0       9580   port.o
      1574        278          0          0         64      12439   queue.o
        64         26        304          0       1536        924   startup_stm32f103xe.o
       154         32          0          9          0       6299   stm32f1xx_hal.o
       344         22          0          0          0      29949   stm32f1xx_hal_cortex.o
       424         10          0          0          0       1215   stm32f1xx_hal_dma.o
       864         40          0          0          0       3277   stm32f1xx_hal_gpio.o
      1784        110          0          0          0       5952   stm32f1xx_hal_rcc.o
       102          0          0          0          0       1184   stm32f1xx_hal_sram.o
       414          0          0          0          0       3454   stm32f1xx_hal_tim.o
         4          0          0          0          0       1497   stm32f1xx_hal_tim_ex.o
      1162         10          0          0          0       7611   stm32f1xx_hal_uart.o
        20          0          0          0          0       2517   stm32f1xx_it.o
       254         10          0          0          0       3799   stm32f1xx_ll_fsmc.o
       102          0          0          0          0        699   sys.o
         2          0         24          4          0       1307   system_stm32f1xx.o
      3930       1024          0         64        740      32870   tasks.o
      1082        214          0         20         40      13140   timers.o
       460         60          0          7        264       5337   usart.o

    ----------------------------------------------------------------------
     29520       2812      12544        228      56652     710503   Object Totals
         0          0         32          0          0          0   (incl. Generated)
        30          0          0          6         56          0   (incl. Padding)

    ----------------------------------------------------------------------

      Code (inc. data)   RO Data    RW Data    ZI Data      Debug   Library Member Name

         8          0          0          0          0         68   __main.o
       104          0          0          0          0         84   __printf.o
         0          0          0          0          0          0   __rtentry.o
        12          0          0          0          0          0   __rtentry2.o
         6          0          0          0          0          0   __rtentry4.o
        52          8          0          0          0          0   __scatter.o
        26          0          0          0          0          0   __scatter_copy.o
        28          0          0          0          0          0   __scatter_zi.o
        44          0          0          0          0        108   _printf_char.o
        48          6          0          0          0         96   _printf_char_common.o
        36          4          0          0          0         80   _printf_char_file.o
         6          0          0          0          0          0   _printf_d.o
       120         16          0          0          0         92   _printf_dec.o
        88          4         40          0          0         88   _printf_hex_int.o
       178          0          0          0          0         88   _printf_intcommon.o
         0          0          0          0          0          0   _printf_percent.o
         4          0          0          0          0          0   _printf_percent_end.o
         6          0          0          0          0          0   _printf_s.o
        82          0          0          0          0         80   _printf_str.o
         6          0          0          0          0          0   _printf_x.o
        16          0          0          0          0         68   aeabi_memset.o
        18          0          0          0          0         80   exit.o
         8          0          0          0          0         68   ferror.o
         6          0          0          0          0        152   heapauxi.o
         2          0          0          0          0          0   libinit.o
         2          0          0          0          0          0   libinit2.o
         2          0          0          0          0          0   libshutdown.o
         2          0          0          0          0          0   libshutdown2.o
         8          4          0          0         96         68   libspace.o
        24          4          0          0          0         84   noretval__2printf.o
        68          0          0          0          0         68   rt_memclr.o
        78          0          0          0          0         80   rt_memclr_w.o
       138          0          0          0          0         68   rt_memcpy_v6.o
       100          0          0          0          0         80   rt_memcpy_w.o
         2          0          0          0          0          0   rtexit.o
        10          0          0          0          0          0   rtexit2.o
        74          0          0          0          0         80   sys_stackheap_outer.o
         2          0          0          0          0         68   use_no_semi.o
         2          0          0          0          0         68   use_no_semi_2.o
        90          4          0          0          0         92   dfixu.o
        38          0          0          0          0         68   dflt_clz.o
       340         12          0          0          0        104   dmul.o
       156          4          0          0          0         92   dnaninf.o
        12          0          0          0          0         68   dretinf.o
         0          0          0          0          0          0   usenofp.o

    ----------------------------------------------------------------------
      2060         66         40          0        100       2240   Library Totals
         8          0          0          0          4          0   (incl. Padding)

    ----------------------------------------------------------------------

      Code (inc. data)   RO Data    RW Data    ZI Data      Debug   Library Name

      1416         46         40          0         96       1816   c_w.l
       636         20          0          0          0        424   fz_ws.l

    ----------------------------------------------------------------------
      2060         66         40          0        100       2240   Library Totals

    ----------------------------------------------------------------------

==============================================================================


      Code (inc. data)   RO Data    RW Data    ZI Data      Debug   

     31580       2878      12584        228      56752     703431   Grand Totals
     31580       2878      12584        228      56752     703431   ELF Image Totals
     31580       2878      12584        228          0          0   ROM Totals

==============================================================================

    Total RO  Size (Code + RO Data)                44164 (  43.13kB)
    Total RW  Size (RW Data + ZI Data)             56980 (  55.64kB)
    Total ROM Size (Code + RO Data + RW Data)      44392 (  43.35kB)

==============================================================================

